15:06:20 **** Build of project standalone_bsp_0 ****
make -k all 
"Running Make include in ps7_cortexa9_0/libsrc/bram_v4_0/src"
make -C ps7_cortexa9_0/libsrc/bram_v4_0/src -s include -e "SHELL=CMD" "COMPILER=arm-xilinx-eabi-gcc" "ARCHIVER=arm-xilinx-eabi-ar" "COMPILER_FLAGS=  -O2 -c" "EXTRA_COMPILER_FLAGS=-g"
"Running Make include in ps7_cortexa9_0/libsrc/cpu_cortexa9_v2_0/src"
make -C ps7_cortexa9_0/libsrc/cpu_cortexa9_v2_0/src -s include -e "SHELL=CMD" "COMPILER=arm-xilinx-eabi-gcc" "ARCHIVER=arm-xilinx-eabi-ar" "COMPILER_FLAGS=  -O2 -c" "EXTRA_COMPILER_FLAGS=-g"
"Running Make include in ps7_cortexa9_0/libsrc/devcfg_v3_0/src"
make -C ps7_cortexa9_0/libsrc/devcfg_v3_0/src -s include -e "SHELL=CMD" "COMPILER=arm-xilinx-eabi-gcc" "ARCHIVER=arm-xilinx-eabi-ar" "COMPILER_FLAGS=  -O2 -c" "EXTRA_COMPILER_FLAGS=-g"
"Running Make include in ps7_cortexa9_0/libsrc/dmaps_v2_0/src"
make -C ps7_cortexa9_0/libsrc/dmaps_v2_0/src -s include -e "SHELL=CMD" "COMPILER=arm-xilinx-eabi-gcc" "ARCHIVER=arm-xilinx-eabi-ar" "COMPILER_FLAGS=  -O2 -c" "EXTRA_COMPILER_FLAGS=-g"
"Running Make include in ps7_cortexa9_0/libsrc/heapsortip_v1_0/src"
make -C ps7_cortexa9_0/libsrc/heapsortip_v1_0/src -s include -e "SHELL=CMD" "COMPILER=arm-xilinx-eabi-gcc" "ARCHIVER=arm-xilinx-eabi-ar" "COMPILER_FLAGS=  -O2 -c" "EXTRA_COMPILER_FLAGS=-g"
"Running Make include in ps7_cortexa9_0/libsrc/qspips_v3_0/src"
make -C ps7_cortexa9_0/libsrc/qspips_v3_0/src -s include -e "SHELL=CMD" "COMPILER=arm-xilinx-eabi-gcc" "ARCHIVER=arm-xilinx-eabi-ar" "COMPILER_FLAGS=  -O2 -c" "EXTRA_COMPILER_FLAGS=-g"
"Running Make include in ps7_cortexa9_0/libsrc/scugic_v2_0/src"
make -C ps7_cortexa9_0/libsrc/scugic_v2_0/src -s include -e "SHELL=CMD" "COMPILER=arm-xilinx-eabi-gcc" "ARCHIVER=arm-xilinx-eabi-ar" "COMPILER_FLAGS=  -O2 -c" "EXTRA_COMPILER_FLAGS=-g"
"Running Make include in ps7_cortexa9_0/libsrc/scutimer_v2_0/src"
make -C ps7_cortexa9_0/libsrc/scutimer_v2_0/src -s include -e "SHELL=CMD" "COMPILER=arm-xilinx-eabi-gcc" "ARCHIVER=arm-xilinx-eabi-ar" "COMPILER_FLAGS=  -O2 -c" "EXTRA_COMPILER_FLAGS=-g"
"Running Make include in ps7_cortexa9_0/libsrc/scuwdt_v2_0/src"
make -C ps7_cortexa9_0/libsrc/scuwdt_v2_0/src -s include -e "SHELL=CMD" "COMPILER=arm-xilinx-eabi-gcc" "ARCHIVER=arm-xilinx-eabi-ar" "COMPILER_FLAGS=  -O2 -c" "EXTRA_COMPILER_FLAGS=-g"
"Running Make include in ps7_cortexa9_0/libsrc/standalone_v4_0/src"
make -C ps7_cortexa9_0/libsrc/standalone_v4_0/src -s include -e "SHELL=CMD" "COMPILER=arm-xilinx-eabi-gcc" "ARCHIVER=arm-xilinx-eabi-ar" "COMPILER_FLAGS=  -O2 -c" "EXTRA_COMPILER_FLAGS=-g"
make[2]: Entering directory `D:/MySelf/freelancer/11_2015/HeapSort/code/HeapSortAlgorithm/HeapSortAlgorithm.sdk/SDK/SDK_Export/standalone_bsp_0/ps7_cortexa9_0/libsrc/standalone_v4_0/src/profile'
cp -rf profile.h mblaze_nt_types.h _profile_timer_hw.h ../../../../include
make[2]: Leaving directory `D:/MySelf/freelancer/11_2015/HeapSort/code/HeapSortAlgorithm/HeapSortAlgorithm.sdk/SDK/SDK_Export/standalone_bsp_0/ps7_cortexa9_0/libsrc/standalone_v4_0/src/profile'
"Running Make include in ps7_cortexa9_0/libsrc/uartps_v2_0/src"
make -C ps7_cortexa9_0/libsrc/uartps_v2_0/src -s include -e "SHELL=CMD" "COMPILER=arm-xilinx-eabi-gcc" "ARCHIVER=arm-xilinx-eabi-ar" "COMPILER_FLAGS=  -O2 -c" "EXTRA_COMPILER_FLAGS=-g"
"Running Make include in ps7_cortexa9_0/libsrc/xadcps_v2_0/src"
make -C ps7_cortexa9_0/libsrc/xadcps_v2_0/src -s include -e "SHELL=CMD" "COMPILER=arm-xilinx-eabi-gcc" "ARCHIVER=arm-xilinx-eabi-ar" "COMPILER_FLAGS=  -O2 -c" "EXTRA_COMPILER_FLAGS=-g"
"Running Make libs in ps7_cortexa9_0/libsrc/bram_v4_0/src"
make -C ps7_cortexa9_0/libsrc/bram_v4_0/src -s libs -e "SHELL=CMD" "COMPILER=arm-xilinx-eabi-gcc" "ARCHIVER=arm-xilinx-eabi-ar" "COMPILER_FLAGS=  -O2 -c" "EXTRA_COMPILER_FLAGS=-g"
"Compiling bram"
arm-xilinx-eabi-ar: creating ../../../lib/libxil.a
make[2]: Entering directory `D:/MySelf/freelancer/11_2015/HeapSort/code/HeapSortAlgorithm/HeapSortAlgorithm.sdk/SDK/SDK_Export/standalone_bsp_0/ps7_cortexa9_0/libsrc/bram_v4_0/src'
rm -rf *.o 
make[2]: Leaving directory `D:/MySelf/freelancer/11_2015/HeapSort/code/HeapSortAlgorithm/HeapSortAlgorithm.sdk/SDK/SDK_Export/standalone_bsp_0/ps7_cortexa9_0/libsrc/bram_v4_0/src'
"Running Make libs in ps7_cortexa9_0/libsrc/cpu_cortexa9_v2_0/src"
make -C ps7_cortexa9_0/libsrc/cpu_cortexa9_v2_0/src -s libs -e "SHELL=CMD" "COMPILER=arm-xilinx-eabi-gcc" "ARCHIVER=arm-xilinx-eabi-ar" "COMPILER_FLAGS=  -O2 -c" "EXTRA_COMPILER_FLAGS=-g"
"Compiling cpu_cortexa9"
"Running Make libs in ps7_cortexa9_0/libsrc/devcfg_v3_0/src"
make -C ps7_cortexa9_0/libsrc/devcfg_v3_0/src -s libs -e "SHELL=CMD" "COMPILER=arm-xilinx-eabi-gcc" "ARCHIVER=arm-xilinx-eabi-ar" "COMPILER_FLAGS=  -O2 -c" "EXTRA_COMPILER_FLAGS=-g"
"Compiling devcfg"
"Running Make libs in ps7_cortexa9_0/libsrc/dmaps_v2_0/src"
make -C ps7_cortexa9_0/libsrc/dmaps_v2_0/src -s libs -e "SHELL=CMD" "COMPILER=arm-xilinx-eabi-gcc" "ARCHIVER=arm-xilinx-eabi-ar" "COMPILER_FLAGS=  -O2 -c" "EXTRA_COMPILER_FLAGS=-g"
"Compiling dmaps"
"Running Make libs in ps7_cortexa9_0/libsrc/heapsortip_v1_0/src"
make -C ps7_cortexa9_0/libsrc/heapsortip_v1_0/src -s libs -e "SHELL=CMD" "COMPILER=arm-xilinx-eabi-gcc" "ARCHIVER=arm-xilinx-eabi-ar" "COMPILER_FLAGS=  -O2 -c" "EXTRA_COMPILER_FLAGS=-g"
"Compiling HeapSortIP..."
make[2]: Entering directory `D:/MySelf/freelancer/11_2015/HeapSort/code/HeapSortAlgorithm/HeapSortAlgorithm.sdk/SDK/SDK_Export/standalone_bsp_0/ps7_cortexa9_0/libsrc/heapsortip_v1_0/src'
rm -rf *.o
make[2]: Leaving directory `D:/MySelf/freelancer/11_2015/HeapSort/code/HeapSortAlgorithm/HeapSortAlgorithm.sdk/SDK/SDK_Export/standalone_bsp_0/ps7_cortexa9_0/libsrc/heapsortip_v1_0/src'
"Running Make libs in ps7_cortexa9_0/libsrc/qspips_v3_0/src"
make -C ps7_cortexa9_0/libsrc/qspips_v3_0/src -s libs -e "SHELL=CMD" "COMPILER=arm-xilinx-eabi-gcc" "ARCHIVER=arm-xilinx-eabi-ar" "COMPILER_FLAGS=  -O2 -c" "EXTRA_COMPILER_FLAGS=-g"
"Compiling qspips"
"Running Make libs in ps7_cortexa9_0/libsrc/scugic_v2_0/src"
make -C ps7_cortexa9_0/libsrc/scugic_v2_0/src -s libs -e "SHELL=CMD" "COMPILER=arm-xilinx-eabi-gcc" "ARCHIVER=arm-xilinx-eabi-ar" "COMPILER_FLAGS=  -O2 -c" "EXTRA_COMPILER_FLAGS=-g"
"Compiling scugic"
"Running Make libs in ps7_cortexa9_0/libsrc/scutimer_v2_0/src"
make -C ps7_cortexa9_0/libsrc/scutimer_v2_0/src -s libs -e "SHELL=CMD" "COMPILER=arm-xilinx-eabi-gcc" "ARCHIVER=arm-xilinx-eabi-ar" "COMPILER_FLAGS=  -O2 -c" "EXTRA_COMPILER_FLAGS=-g"
"Compiling scutimer"
"Running Make libs in ps7_cortexa9_0/libsrc/scuwdt_v2_0/src"
make -C ps7_cortexa9_0/libsrc/scuwdt_v2_0/src -s libs -e "SHELL=CMD" "COMPILER=arm-xilinx-eabi-gcc" "ARCHIVER=arm-xilinx-eabi-ar" "COMPILER_FLAGS=  -O2 -c" "EXTRA_COMPILER_FLAGS=-g"
"Compiling scuwdt"
"Running Make libs in ps7_cortexa9_0/libsrc/standalone_v4_0/src"
make -C ps7_cortexa9_0/libsrc/standalone_v4_0/src -s libs -e "SHELL=CMD" "COMPILER=arm-xilinx-eabi-gcc" "ARCHIVER=arm-xilinx-eabi-ar" "COMPILER_FLAGS=  -O2 -c" "EXTRA_COMPILER_FLAGS=-g"
"Compiling standalone"
"Running Make libs in ps7_cortexa9_0/libsrc/uartps_v2_0/src"
make -C ps7_cortexa9_0/libsrc/uartps_v2_0/src -s libs -e "SHELL=CMD" "COMPILER=arm-xilinx-eabi-gcc" "ARCHIVER=arm-xilinx-eabi-ar" "COMPILER_FLAGS=  -O2 -c" "EXTRA_COMPILER_FLAGS=-g"
"Compiling uartps"
"Running Make libs in ps7_cortexa9_0/libsrc/xadcps_v2_0/src"
make -C ps7_cortexa9_0/libsrc/xadcps_v2_0/src -s libs -e "SHELL=CMD" "COMPILER=arm-xilinx-eabi-gcc" "ARCHIVER=arm-xilinx-eabi-ar" "COMPILER_FLAGS=  -O2 -c" "EXTRA_COMPILER_FLAGS=-g"
"Compiling xadcps"
'Finished building libraries'
15:06:46 **** Build of project HeapSort_bsp ****
make -k all 
"Running Make include in ps7_cortexa9_0/libsrc/bram_v4_0/src"
make -C ps7_cortexa9_0/libsrc/bram_v4_0/src -s include -e "SHELL=CMD" "COMPILER=arm-xilinx-eabi-gcc" "ARCHIVER=arm-xilinx-eabi-ar" "COMPILER_FLAGS=  -O2 -c" "EXTRA_COMPILER_FLAGS=-g"
"Running Make include in ps7_cortexa9_0/libsrc/cpu_cortexa9_v2_0/src"
make -C ps7_cortexa9_0/libsrc/cpu_cortexa9_v2_0/src -s include -e "SHELL=CMD" "COMPILER=arm-xilinx-eabi-gcc" "ARCHIVER=arm-xilinx-eabi-ar" "COMPILER_FLAGS=  -O2 -c" "EXTRA_COMPILER_FLAGS=-g"
"Running Make include in ps7_cortexa9_0/libsrc/devcfg_v3_0/src"
make -C ps7_cortexa9_0/libsrc/devcfg_v3_0/src -s include -e "SHELL=CMD" "COMPILER=arm-xilinx-eabi-gcc" "ARCHIVER=arm-xilinx-eabi-ar" "COMPILER_FLAGS=  -O2 -c" "EXTRA_COMPILER_FLAGS=-g"
"Running Make include in ps7_cortexa9_0/libsrc/dmaps_v2_0/src"
make -C ps7_cortexa9_0/libsrc/dmaps_v2_0/src -s include -e "SHELL=CMD" "COMPILER=arm-xilinx-eabi-gcc" "ARCHIVER=arm-xilinx-eabi-ar" "COMPILER_FLAGS=  -O2 -c" "EXTRA_COMPILER_FLAGS=-g"
"Running Make include in ps7_cortexa9_0/libsrc/heapsortip_v1_0/src"
make -C ps7_cortexa9_0/libsrc/heapsortip_v1_0/src -s include -e "SHELL=CMD" "COMPILER=arm-xilinx-eabi-gcc" "ARCHIVER=arm-xilinx-eabi-ar" "COMPILER_FLAGS=  -O2 -c" "EXTRA_COMPILER_FLAGS=-g"
"Running Make include in ps7_cortexa9_0/libsrc/qspips_v3_0/src"
make -C ps7_cortexa9_0/libsrc/qspips_v3_0/src -s include -e "SHELL=CMD" "COMPILER=arm-xilinx-eabi-gcc" "ARCHIVER=arm-xilinx-eabi-ar" "COMPILER_FLAGS=  -O2 -c" "EXTRA_COMPILER_FLAGS=-g"
"Running Make include in ps7_cortexa9_0/libsrc/scugic_v2_0/src"
make -C ps7_cortexa9_0/libsrc/scugic_v2_0/src -s include -e "SHELL=CMD" "COMPILER=arm-xilinx-eabi-gcc" "ARCHIVER=arm-xilinx-eabi-ar" "COMPILER_FLAGS=  -O2 -c" "EXTRA_COMPILER_FLAGS=-g"
"Running Make include in ps7_cortexa9_0/libsrc/scutimer_v2_0/src"
make -C ps7_cortexa9_0/libsrc/scutimer_v2_0/src -s include -e "SHELL=CMD" "COMPILER=arm-xilinx-eabi-gcc" "ARCHIVER=arm-xilinx-eabi-ar" "COMPILER_FLAGS=  -O2 -c" "EXTRA_COMPILER_FLAGS=-g"
"Running Make include in ps7_cortexa9_0/libsrc/scuwdt_v2_0/src"
make -C ps7_cortexa9_0/libsrc/scuwdt_v2_0/src -s include -e "SHELL=CMD" "COMPILER=arm-xilinx-eabi-gcc" "ARCHIVER=arm-xilinx-eabi-ar" "COMPILER_FLAGS=  -O2 -c" "EXTRA_COMPILER_FLAGS=-g"
"Running Make include in ps7_cortexa9_0/libsrc/standalone_v4_0/src"
make -C ps7_cortexa9_0/libsrc/standalone_v4_0/src -s include -e "SHELL=CMD" "COMPILER=arm-xilinx-eabi-gcc" "ARCHIVER=arm-xilinx-eabi-ar" "COMPILER_FLAGS=  -O2 -c" "EXTRA_COMPILER_FLAGS=-g"
make[2]: Entering directory `D:/MySelf/freelancer/11_2015/HeapSort/code/HeapSortAlgorithm/HeapSortAlgorithm.sdk/SDK/SDK_Export/HeapSort_bsp/ps7_cortexa9_0/libsrc/standalone_v4_0/src/profile'
cp -rf profile.h mblaze_nt_types.h _profile_timer_hw.h ../../../../include
make[2]: Leaving directory `D:/MySelf/freelancer/11_2015/HeapSort/code/HeapSortAlgorithm/HeapSortAlgorithm.sdk/SDK/SDK_Export/HeapSort_bsp/ps7_cortexa9_0/libsrc/standalone_v4_0/src/profile'
"Running Make include in ps7_cortexa9_0/libsrc/uartps_v2_0/src"
make -C ps7_cortexa9_0/libsrc/uartps_v2_0/src -s include -e "SHELL=CMD" "COMPILER=arm-xilinx-eabi-gcc" "ARCHIVER=arm-xilinx-eabi-ar" "COMPILER_FLAGS=  -O2 -c" "EXTRA_COMPILER_FLAGS=-g"
"Running Make include in ps7_cortexa9_0/libsrc/xadcps_v2_0/src"
make -C ps7_cortexa9_0/libsrc/xadcps_v2_0/src -s include -e "SHELL=CMD" "COMPILER=arm-xilinx-eabi-gcc" "ARCHIVER=arm-xilinx-eabi-ar" "COMPILER_FLAGS=  -O2 -c" "EXTRA_COMPILER_FLAGS=-g"
"Running Make libs in ps7_cortexa9_0/libsrc/bram_v4_0/src"
make -C ps7_cortexa9_0/libsrc/bram_v4_0/src -s libs -e "SHELL=CMD" "COMPILER=arm-xilinx-eabi-gcc" "ARCHIVER=arm-xilinx-eabi-ar" "COMPILER_FLAGS=  -O2 -c" "EXTRA_COMPILER_FLAGS=-g"
"Compiling bram"
arm-xilinx-eabi-ar: creating ../../../lib/libxil.a
make[2]: Entering directory `D:/MySelf/freelancer/11_2015/HeapSort/code/HeapSortAlgorithm/HeapSortAlgorithm.sdk/SDK/SDK_Export/HeapSort_bsp/ps7_cortexa9_0/libsrc/bram_v4_0/src'
rm -rf *.o 
make[2]: Leaving directory `D:/MySelf/freelancer/11_2015/HeapSort/code/HeapSortAlgorithm/HeapSortAlgorithm.sdk/SDK/SDK_Export/HeapSort_bsp/ps7_cortexa9_0/libsrc/bram_v4_0/src'
"Running Make libs in ps7_cortexa9_0/libsrc/cpu_cortexa9_v2_0/src"
make -C ps7_cortexa9_0/libsrc/cpu_cortexa9_v2_0/src -s libs -e "SHELL=CMD" "COMPILER=arm-xilinx-eabi-gcc" "ARCHIVER=arm-xilinx-eabi-ar" "COMPILER_FLAGS=  -O2 -c" "EXTRA_COMPILER_FLAGS=-g"
"Compiling cpu_cortexa9"
"Running Make libs in ps7_cortexa9_0/libsrc/devcfg_v3_0/src"
make -C ps7_cortexa9_0/libsrc/devcfg_v3_0/src -s libs -e "SHELL=CMD" "COMPILER=arm-xilinx-eabi-gcc" "ARCHIVER=arm-xilinx-eabi-ar" "COMPILER_FLAGS=  -O2 -c" "EXTRA_COMPILER_FLAGS=-g"
"Compiling devcfg"
"Running Make libs in ps7_cortexa9_0/libsrc/dmaps_v2_0/src"
make -C ps7_cortexa9_0/libsrc/dmaps_v2_0/src -s libs -e "SHELL=CMD" "COMPILER=arm-xilinx-eabi-gcc" "ARCHIVER=arm-xilinx-eabi-ar" "COMPILER_FLAGS=  -O2 -c" "EXTRA_COMPILER_FLAGS=-g"
"Compiling dmaps"
"Running Make libs in ps7_cortexa9_0/libsrc/heapsortip_v1_0/src"
make -C ps7_cortexa9_0/libsrc/heapsortip_v1_0/src -s libs -e "SHELL=CMD" "COMPILER=arm-xilinx-eabi-gcc" "ARCHIVER=arm-xilinx-eabi-ar" "COMPILER_FLAGS=  -O2 -c" "EXTRA_COMPILER_FLAGS=-g"
"Compiling HeapSortIP..."
make[2]: Entering directory `D:/MySelf/freelancer/11_2015/HeapSort/code/HeapSortAlgorithm/HeapSortAlgorithm.sdk/SDK/SDK_Export/HeapSort_bsp/ps7_cortexa9_0/libsrc/heapsortip_v1_0/src'
rm -rf *.o
make[2]: Leaving directory `D:/MySelf/freelancer/11_2015/HeapSort/code/HeapSortAlgorithm/HeapSortAlgorithm.sdk/SDK/SDK_Export/HeapSort_bsp/ps7_cortexa9_0/libsrc/heapsortip_v1_0/src'
"Running Make libs in ps7_cortexa9_0/libsrc/qspips_v3_0/src"
make -C ps7_cortexa9_0/libsrc/qspips_v3_0/src -s libs -e "SHELL=CMD" "COMPILER=arm-xilinx-eabi-gcc" "ARCHIVER=arm-xilinx-eabi-ar" "COMPILER_FLAGS=  -O2 -c" "EXTRA_COMPILER_FLAGS=-g"
"Compiling qspips"
"Running Make libs in ps7_cortexa9_0/libsrc/scugic_v2_0/src"
make -C ps7_cortexa9_0/libsrc/scugic_v2_0/src -s libs -e "SHELL=CMD" "COMPILER=arm-xilinx-eabi-gcc" "ARCHIVER=arm-xilinx-eabi-ar" "COMPILER_FLAGS=  -O2 -c" "EXTRA_COMPILER_FLAGS=-g"
"Compiling scugic"
"Running Make libs in ps7_cortexa9_0/libsrc/scutimer_v2_0/src"
make -C ps7_cortexa9_0/libsrc/scutimer_v2_0/src -s libs -e "SHELL=CMD" "COMPILER=arm-xilinx-eabi-gcc" "ARCHIVER=arm-xilinx-eabi-ar" "COMPILER_FLAGS=  -O2 -c" "EXTRA_COMPILER_FLAGS=-g"
"Compiling scutimer"
"Running Make libs in ps7_cortexa9_0/libsrc/scuwdt_v2_0/src"
make -C ps7_cortexa9_0/libsrc/scuwdt_v2_0/src -s libs -e "SHELL=CMD" "COMPILER=arm-xilinx-eabi-gcc" "ARCHIVER=arm-xilinx-eabi-ar" "COMPILER_FLAGS=  -O2 -c" "EXTRA_COMPILER_FLAGS=-g"
"Compiling scuwdt"
"Running Make libs in ps7_cortexa9_0/libsrc/standalone_v4_0/src"
make -C ps7_cortexa9_0/libsrc/standalone_v4_0/src -s libs -e "SHELL=CMD" "COMPILER=arm-xilinx-eabi-gcc" "ARCHIVER=arm-xilinx-eabi-ar" "COMPILER_FLAGS=  -O2 -c" "EXTRA_COMPILER_FLAGS=-g"
"Compiling standalone"
"Running Make libs in ps7_cortexa9_0/libsrc/uartps_v2_0/src"
make -C ps7_cortexa9_0/libsrc/uartps_v2_0/src -s libs -e "SHELL=CMD" "COMPILER=arm-xilinx-eabi-gcc" "ARCHIVER=arm-xilinx-eabi-ar" "COMPILER_FLAGS=  -O2 -c" "EXTRA_COMPILER_FLAGS=-g"
"Compiling uartps"
"Running Make libs in ps7_cortexa9_0/libsrc/xadcps_v2_0/src"
make -C ps7_cortexa9_0/libsrc/xadcps_v2_0/src -s libs -e "SHELL=CMD" "COMPILER=arm-xilinx-eabi-gcc" "ARCHIVER=arm-xilinx-eabi-ar" "COMPILER_FLAGS=  -O2 -c" "EXTRA_COMPILER_FLAGS=-g"
"Compiling xadcps"
'Finished building libraries'
15:07:00 **** Build of configuration Debug for project HeapSort ****
make all 
'Building file: ../src/helloworld.c'
'Invoking: ARM gcc compiler'
arm-xilinx-eabi-gcc -Wall -O0 -g3 -c -fmessage-length=0 -I../../HeapSort_bsp/ps7_cortexa9_0/include -MMD -MP -MF"src/helloworld.d" -MT"src/helloworld.d" -o "src/helloworld.o" "../src/helloworld.c"
'Finished building: ../src/helloworld.c'
' '
'Building file: ../src/platform.c'
'Invoking: ARM gcc compiler'
arm-xilinx-eabi-gcc -Wall -O0 -g3 -c -fmessage-length=0 -I../../HeapSort_bsp/ps7_cortexa9_0/include -MMD -MP -MF"src/platform.d" -MT"src/platform.d" -o "src/platform.o" "../src/platform.c"
'Finished building: ../src/platform.c'
' '
'Building target: HeapSort.elf'
'Invoking: ARM gcc linker'
arm-xilinx-eabi-gcc -Wl,-T -Wl,../src/lscript.ld -L../../HeapSort_bsp/ps7_cortexa9_0/lib -o "HeapSort.elf"  ./src/helloworld.o ./src/platform.o   -Wl,--start-group,-lxil,-lgcc,-lc,--end-group
'Finished building target: HeapSort.elf'
' '
'Invoking: ARM Print Size'
arm-xilinx-eabi-size HeapSort.elf  |tee "HeapSort.elf.size"
   text	   data	    bss	    dec	    hex	filename
  22892	   1096	  29780	  53768	   d208	HeapSort.elf
'Finished building: HeapSort.elf.size'
' '
15:07:10 **** Auto Build of configuration Debug for project HeapSort ****
make all 
'Building file: ../src/helloworld.c'
'Invoking: ARM gcc compiler'
arm-xilinx-eabi-gcc -Wall -O0 -g3 -c -fmessage-length=0 -I../../HeapSort_bsp/ps7_cortexa9_0/include -MMD -MP -MF"src/helloworld.d" -MT"src/helloworld.d" -o "src/helloworld.o" "../src/helloworld.c"
../src/helloworld.c: In function 'MoveArray':
../src/helloworld.c:54:9: warning: variable 'array2' set but not used [-Wunused-but-set-variable]
  int i, array2[size];
         ^
../src/helloworld.c: In function 'maxHeapify':
../src/helloworld.c:85:6: warning: unused variable 'i' [-Wunused-variable]
  int i;
      ^
../src/helloworld.c: In function 'main':
../src/helloworld.c:168:3: warning: passing argument 1 of 'heapSort' from incompatible pointer type [enabled by default]
   heapSort(arr, size);
   ^
../src/helloworld.c:124:6: note: expected 'int *' but argument is of type 'u32 *'
 void heapSort(int* array, int size)
      ^
../src/helloworld.c:184:15: error: 'XPAR_HEAPSORTIPCORE_0_S_AXI_BASEADDR' undeclared (first use in this function)
     Xil_Out32(XPAR_HEAPSORTIPCORE_0_S_AXI_BASEADDR+2*4, NUM_BLOCK);
               ^
../src/helloworld.c:184:15: note: each undeclared identifier is reported only once for each function it appears in
make: *** [src/helloworld.o] Error 1
15:08:12 **** Auto Build of configuration Debug for project HeapSort ****
make all 
'Building file: ../src/helloworld.c'
'Invoking: ARM gcc compiler'
arm-xilinx-eabi-gcc -Wall -O0 -g3 -c -fmessage-length=0 -I../../HeapSort_bsp/ps7_cortexa9_0/include -MMD -MP -MF"src/helloworld.d" -MT"src/helloworld.d" -o "src/helloworld.o" "../src/helloworld.c"
../src/helloworld.c: In function 'MoveArray':
../src/helloworld.c:54:9: warning: variable 'array2' set but not used [-Wunused-but-set-variable]
  int i, array2[size];
         ^
../src/helloworld.c: In function 'maxHeapify':
../src/helloworld.c:85:6: warning: unused variable 'i' [-Wunused-variable]
  int i;
      ^
../src/helloworld.c: In function 'main':
../src/helloworld.c:168:3: warning: passing argument 1 of 'heapSort' from incompatible pointer type [enabled by default]
   heapSort(arr, size);
   ^
../src/helloworld.c:124:6: note: expected 'int *' but argument is of type 'u32 *'
 void heapSort(int* array, int size)
      ^
'Finished building: ../src/helloworld.c'
' '
'Building target: HeapSort.elf'
'Invoking: ARM gcc linker'
arm-xilinx-eabi-gcc -Wl,-T -Wl,../src/lscript.ld -L../../HeapSort_bsp/ps7_cortexa9_0/lib -o "HeapSort.elf"  ./src/helloworld.o ./src/platform.o   -Wl,--start-group,-lxil,-lgcc,-lc,--end-group
'Finished building target: HeapSort.elf'
' '
'Invoking: ARM Print Size'
arm-xilinx-eabi-size HeapSort.elf  |tee "HeapSort.elf.size"
   text	   data	    bss	    dec	    hex	filename
  30820	   2136	  29844	  62800	   f550	HeapSort.elf
'Finished building: HeapSort.elf.size'
' '
15:08:41 **** Incremental Build of configuration Debug for project HeapSort ****
make all 
make: Nothing to be done for `all'.
15:09:03 **** Auto Build of configuration Debug for project HeapSort ****
make all 
'Building file: ../src/helloworld.c'
'Invoking: ARM gcc compiler'
arm-xilinx-eabi-gcc -Wall -O0 -g3 -c -fmessage-length=0 -I../../HeapSort_bsp/ps7_cortexa9_0/include -MMD -MP -MF"src/helloworld.d" -MT"src/helloworld.d" -o "src/helloworld.o" "../src/helloworld.c"
../src/helloworld.c: In function 'MoveArray':
../src/helloworld.c:54:9: warning: variable 'array2' set but not used [-Wunused-but-set-variable]
  int i, array2[size];
         ^
../src/helloworld.c: In function 'maxHeapify':
../src/helloworld.c:85:6: warning: unused variable 'i' [-Wunused-variable]
  int i;
      ^
../src/helloworld.c: In function 'main':
../src/helloworld.c:168:3: warning: passing argument 1 of 'heapSort' from incompatible pointer type [enabled by default]
   heapSort(arr, size);
   ^
../src/helloworld.c:124:6: note: expected 'int *' but argument is of type 'u32 *'
 void heapSort(int* array, int size)
      ^
'Finished building: ../src/helloworld.c'
' '
'Building target: HeapSort.elf'
'Invoking: ARM gcc linker'
arm-xilinx-eabi-gcc -Wl,-T -Wl,../src/lscript.ld -L../../HeapSort_bsp/ps7_cortexa9_0/lib -o "HeapSort.elf"  ./src/helloworld.o ./src/platform.o   -Wl,--start-group,-lxil,-lgcc,-lc,--end-group
'Finished building target: HeapSort.elf'
' '
'Invoking: ARM Print Size'
arm-xilinx-eabi-size HeapSort.elf  |tee "HeapSort.elf.size"
   text	   data	    bss	    dec	    hex	filename
  30756	   2136	  29844	  62736	   f510	HeapSort.elf
'Finished building: HeapSort.elf.size'
' '
15:09:05 **** Incremental Build of configuration Debug for project HeapSort ****
make all 
make: Nothing to be done for `all'.
15:09:42 **** Auto Build of configuration Debug for project HeapSort ****
make all 
'Building file: ../src/helloworld.c'
'Invoking: ARM gcc compiler'
arm-xilinx-eabi-gcc -Wall -O0 -g3 -c -fmessage-length=0 -I../../HeapSort_bsp/ps7_cortexa9_0/include -MMD -MP -MF"src/helloworld.d" -MT"src/helloworld.d" -o "src/helloworld.o" "../src/helloworld.c"
../src/helloworld.c: In function 'MoveArray':
../src/helloworld.c:54:9: warning: variable 'array2' set but not used [-Wunused-but-set-variable]
  int i, array2[size];
         ^
../src/helloworld.c: In function 'maxHeapify':
../src/helloworld.c:85:6: warning: unused variable 'i' [-Wunused-variable]
  int i;
      ^
../src/helloworld.c: In function 'main':
../src/helloworld.c:168:3: warning: passing argument 1 of 'heapSort' from incompatible pointer type [enabled by default]
   heapSort(arr, size);
   ^
../src/helloworld.c:124:6: note: expected 'int *' but argument is of type 'u32 *'
 void heapSort(int* array, int size)
      ^
'Finished building: ../src/helloworld.c'
' '
'Building target: HeapSort.elf'
'Invoking: ARM gcc linker'
arm-xilinx-eabi-gcc -Wl,-T -Wl,../src/lscript.ld -L../../HeapSort_bsp/ps7_cortexa9_0/lib -o "HeapSort.elf"  ./src/helloworld.o ./src/platform.o   -Wl,--start-group,-lxil,-lgcc,-lc,--end-group
'Finished building target: HeapSort.elf'
' '
'Invoking: ARM Print Size'
arm-xilinx-eabi-size HeapSort.elf  |tee "HeapSort.elf.size"
   text	   data	    bss	    dec	    hex	filename
  30820	   2136	  29844	  62800	   f550	HeapSort.elf
'Finished building: HeapSort.elf.size'
' '
15:09:45 **** Incremental Build of configuration Debug for project HeapSort ****
make all 
make: Nothing to be done for `all'.
15:12:11 **** Auto Build of configuration Debug for project HeapSort ****
make all 
'Building file: ../src/helloworld.c'
'Invoking: ARM gcc compiler'
arm-xilinx-eabi-gcc -Wall -O0 -g3 -c -fmessage-length=0 -I../../HeapSort_bsp/ps7_cortexa9_0/include -MMD -MP -MF"src/helloworld.d" -MT"src/helloworld.d" -o "src/helloworld.o" "../src/helloworld.c"
../src/helloworld.c: In function 'MoveArray':
../src/helloworld.c:54:9: warning: variable 'array2' set but not used [-Wunused-but-set-variable]
  int i, array2[size];
         ^
../src/helloworld.c: In function 'maxHeapify':
../src/helloworld.c:85:6: warning: unused variable 'i' [-Wunused-variable]
  int i;
      ^
../src/helloworld.c: In function 'main':
../src/helloworld.c:169:3: warning: passing argument 1 of 'heapSort' from incompatible pointer type [enabled by default]
   heapSort(arr, size);
   ^
../src/helloworld.c:124:6: note: expected 'int *' but argument is of type 'u32 *'
 void heapSort(int* array, int size)
      ^
../src/helloworld.c:147:17: warning: unused variable 'result' [-Wunused-variable]
  u32 arr[size], result[size];
                 ^
'Finished building: ../src/helloworld.c'
' '
'Building target: HeapSort.elf'
'Invoking: ARM gcc linker'
arm-xilinx-eabi-gcc -Wl,-T -Wl,../src/lscript.ld -L../../HeapSort_bsp/ps7_cortexa9_0/lib -o "HeapSort.elf"  ./src/helloworld.o ./src/platform.o   -Wl,--start-group,-lxil,-lgcc,-lc,--end-group
'Finished building target: HeapSort.elf'
' '
'Invoking: ARM Print Size'
arm-xilinx-eabi-size HeapSort.elf  |tee "HeapSort.elf.size"
   text	   data	    bss	    dec	    hex	filename
  30840	   2136	  29844	  62820	   f564	HeapSort.elf
'Finished building: HeapSort.elf.size'
' '
15:12:23 **** Incremental Build of configuration Debug for project HeapSort ****
make all 
make: Nothing to be done for `all'.
20:35:10 **** Auto Build of project HeapSort_bsp ****
make -k all 
"Running Make include in ps7_cortexa9_0/libsrc/bram_v4_0/src"
make -C ps7_cortexa9_0/libsrc/bram_v4_0/src -s include -e "SHELL=CMD" "COMPILER=arm-xilinx-eabi-gcc" "ARCHIVER=arm-xilinx-eabi-ar" "COMPILER_FLAGS=  -O2 -c" "EXTRA_COMPILER_FLAGS=-g"
"Running Make include in ps7_cortexa9_0/libsrc/cpu_cortexa9_v2_0/src"
make -C ps7_cortexa9_0/libsrc/cpu_cortexa9_v2_0/src -s include -e "SHELL=CMD" "COMPILER=arm-xilinx-eabi-gcc" "ARCHIVER=arm-xilinx-eabi-ar" "COMPILER_FLAGS=  -O2 -c" "EXTRA_COMPILER_FLAGS=-g"
"Running Make include in ps7_cortexa9_0/libsrc/devcfg_v3_0/src"
make -C ps7_cortexa9_0/libsrc/devcfg_v3_0/src -s include -e "SHELL=CMD" "COMPILER=arm-xilinx-eabi-gcc" "ARCHIVER=arm-xilinx-eabi-ar" "COMPILER_FLAGS=  -O2 -c" "EXTRA_COMPILER_FLAGS=-g"
"Running Make include in ps7_cortexa9_0/libsrc/dmaps_v2_0/src"
make -C ps7_cortexa9_0/libsrc/dmaps_v2_0/src -s include -e "SHELL=CMD" "COMPILER=arm-xilinx-eabi-gcc" "ARCHIVER=arm-xilinx-eabi-ar" "COMPILER_FLAGS=  -O2 -c" "EXTRA_COMPILER_FLAGS=-g"
"Running Make include in ps7_cortexa9_0/libsrc/heapsortip_v1_0/src"
make -C ps7_cortexa9_0/libsrc/heapsortip_v1_0/src -s include -e "SHELL=CMD" "COMPILER=arm-xilinx-eabi-gcc" "ARCHIVER=arm-xilinx-eabi-ar" "COMPILER_FLAGS=  -O2 -c" "EXTRA_COMPILER_FLAGS=-g"
"Running Make include in ps7_cortexa9_0/libsrc/qspips_v3_0/src"
make -C ps7_cortexa9_0/libsrc/qspips_v3_0/src -s include -e "SHELL=CMD" "COMPILER=arm-xilinx-eabi-gcc" "ARCHIVER=arm-xilinx-eabi-ar" "COMPILER_FLAGS=  -O2 -c" "EXTRA_COMPILER_FLAGS=-g"
"Running Make include in ps7_cortexa9_0/libsrc/scugic_v2_0/src"
make -C ps7_cortexa9_0/libsrc/scugic_v2_0/src -s include -e "SHELL=CMD" "COMPILER=arm-xilinx-eabi-gcc" "ARCHIVER=arm-xilinx-eabi-ar" "COMPILER_FLAGS=  -O2 -c" "EXTRA_COMPILER_FLAGS=-g"
"Running Make include in ps7_cortexa9_0/libsrc/scutimer_v2_0/src"
make -C ps7_cortexa9_0/libsrc/scutimer_v2_0/src -s include -e "SHELL=CMD" "COMPILER=arm-xilinx-eabi-gcc" "ARCHIVER=arm-xilinx-eabi-ar" "COMPILER_FLAGS=  -O2 -c" "EXTRA_COMPILER_FLAGS=-g"
"Running Make include in ps7_cortexa9_0/libsrc/scuwdt_v2_0/src"
make -C ps7_cortexa9_0/libsrc/scuwdt_v2_0/src -s include -e "SHELL=CMD" "COMPILER=arm-xilinx-eabi-gcc" "ARCHIVER=arm-xilinx-eabi-ar" "COMPILER_FLAGS=  -O2 -c" "EXTRA_COMPILER_FLAGS=-g"
"Running Make include in ps7_cortexa9_0/libsrc/standalone_v4_0/src"
make -C ps7_cortexa9_0/libsrc/standalone_v4_0/src -s include -e "SHELL=CMD" "COMPILER=arm-xilinx-eabi-gcc" "ARCHIVER=arm-xilinx-eabi-ar" "COMPILER_FLAGS=  -O2 -c" "EXTRA_COMPILER_FLAGS=-g"
make[2]: Entering directory `D:/MySelf/freelancer/11_2015/HeapSort/code/HeapSortAlgorithm/HeapSortAlgorithm.sdk/SDK/SDK_Export/HeapSort_bsp/ps7_cortexa9_0/libsrc/standalone_v4_0/src/profile'
cp -rf profile.h mblaze_nt_types.h _profile_timer_hw.h ../../../../include
make[2]: Leaving directory `D:/MySelf/freelancer/11_2015/HeapSort/code/HeapSortAlgorithm/HeapSortAlgorithm.sdk/SDK/SDK_Export/HeapSort_bsp/ps7_cortexa9_0/libsrc/standalone_v4_0/src/profile'
"Running Make include in ps7_cortexa9_0/libsrc/uartps_v2_0/src"
make -C ps7_cortexa9_0/libsrc/uartps_v2_0/src -s include -e "SHELL=CMD" "COMPILER=arm-xilinx-eabi-gcc" "ARCHIVER=arm-xilinx-eabi-ar" "COMPILER_FLAGS=  -O2 -c" "EXTRA_COMPILER_FLAGS=-g"
"Running Make include in ps7_cortexa9_0/libsrc/xadcps_v2_0/src"
make -C ps7_cortexa9_0/libsrc/xadcps_v2_0/src -s include -e "SHELL=CMD" "COMPILER=arm-xilinx-eabi-gcc" "ARCHIVER=arm-xilinx-eabi-ar" "COMPILER_FLAGS=  -O2 -c" "EXTRA_COMPILER_FLAGS=-g"
"Running Make libs in ps7_cortexa9_0/libsrc/bram_v4_0/src"
make -C ps7_cortexa9_0/libsrc/bram_v4_0/src -s libs -e "SHELL=CMD" "COMPILER=arm-xilinx-eabi-gcc" "ARCHIVER=arm-xilinx-eabi-ar" "COMPILER_FLAGS=  -O2 -c" "EXTRA_COMPILER_FLAGS=-g"
"Compiling bram"
make[2]: Entering directory `D:/MySelf/freelancer/11_2015/HeapSort/code/HeapSortAlgorithm/HeapSortAlgorithm.sdk/SDK/SDK_Export/HeapSort_bsp/ps7_cortexa9_0/libsrc/bram_v4_0/src'
rm -rf *.o 
make[2]: Leaving directory `D:/MySelf/freelancer/11_2015/HeapSort/code/HeapSortAlgorithm/HeapSortAlgorithm.sdk/SDK/SDK_Export/HeapSort_bsp/ps7_cortexa9_0/libsrc/bram_v4_0/src'
"Running Make libs in ps7_cortexa9_0/libsrc/cpu_cortexa9_v2_0/src"
make -C ps7_cortexa9_0/libsrc/cpu_cortexa9_v2_0/src -s libs -e "SHELL=CMD" "COMPILER=arm-xilinx-eabi-gcc" "ARCHIVER=arm-xilinx-eabi-ar" "COMPILER_FLAGS=  -O2 -c" "EXTRA_COMPILER_FLAGS=-g"
"Compiling cpu_cortexa9"
"Running Make libs in ps7_cortexa9_0/libsrc/devcfg_v3_0/src"
make -C ps7_cortexa9_0/libsrc/devcfg_v3_0/src -s libs -e "SHELL=CMD" "COMPILER=arm-xilinx-eabi-gcc" "ARCHIVER=arm-xilinx-eabi-ar" "COMPILER_FLAGS=  -O2 -c" "EXTRA_COMPILER_FLAGS=-g"
"Compiling devcfg"
"Running Make libs in ps7_cortexa9_0/libsrc/dmaps_v2_0/src"
make -C ps7_cortexa9_0/libsrc/dmaps_v2_0/src -s libs -e "SHELL=CMD" "COMPILER=arm-xilinx-eabi-gcc" "ARCHIVER=arm-xilinx-eabi-ar" "COMPILER_FLAGS=  -O2 -c" "EXTRA_COMPILER_FLAGS=-g"
"Compiling dmaps"
"Running Make libs in ps7_cortexa9_0/libsrc/heapsortip_v1_0/src"
make -C ps7_cortexa9_0/libsrc/heapsortip_v1_0/src -s libs -e "SHELL=CMD" "COMPILER=arm-xilinx-eabi-gcc" "ARCHIVER=arm-xilinx-eabi-ar" "COMPILER_FLAGS=  -O2 -c" "EXTRA_COMPILER_FLAGS=-g"
"Compiling HeapSortIP..."
make[2]: Entering directory `D:/MySelf/freelancer/11_2015/HeapSort/code/HeapSortAlgorithm/HeapSortAlgorithm.sdk/SDK/SDK_Export/HeapSort_bsp/ps7_cortexa9_0/libsrc/heapsortip_v1_0/src'
rm -rf *.o
make[2]: Leaving directory `D:/MySelf/freelancer/11_2015/HeapSort/code/HeapSortAlgorithm/HeapSortAlgorithm.sdk/SDK/SDK_Export/HeapSort_bsp/ps7_cortexa9_0/libsrc/heapsortip_v1_0/src'
"Running Make libs in ps7_cortexa9_0/libsrc/qspips_v3_0/src"
make -C ps7_cortexa9_0/libsrc/qspips_v3_0/src -s libs -e "SHELL=CMD" "COMPILER=arm-xilinx-eabi-gcc" "ARCHIVER=arm-xilinx-eabi-ar" "COMPILER_FLAGS=  -O2 -c" "EXTRA_COMPILER_FLAGS=-g"
"Compiling qspips"
"Running Make libs in ps7_cortexa9_0/libsrc/scugic_v2_0/src"
make -C ps7_cortexa9_0/libsrc/scugic_v2_0/src -s libs -e "SHELL=CMD" "COMPILER=arm-xilinx-eabi-gcc" "ARCHIVER=arm-xilinx-eabi-ar" "COMPILER_FLAGS=  -O2 -c" "EXTRA_COMPILER_FLAGS=-g"
"Compiling scugic"
"Running Make libs in ps7_cortexa9_0/libsrc/scutimer_v2_0/src"
make -C ps7_cortexa9_0/libsrc/scutimer_v2_0/src -s libs -e "SHELL=CMD" "COMPILER=arm-xilinx-eabi-gcc" "ARCHIVER=arm-xilinx-eabi-ar" "COMPILER_FLAGS=  -O2 -c" "EXTRA_COMPILER_FLAGS=-g"
"Compiling scutimer"
"Running Make libs in ps7_cortexa9_0/libsrc/scuwdt_v2_0/src"
make -C ps7_cortexa9_0/libsrc/scuwdt_v2_0/src -s libs -e "SHELL=CMD" "COMPILER=arm-xilinx-eabi-gcc" "ARCHIVER=arm-xilinx-eabi-ar" "COMPILER_FLAGS=  -O2 -c" "EXTRA_COMPILER_FLAGS=-g"
"Compiling scuwdt"
"Running Make libs in ps7_cortexa9_0/libsrc/standalone_v4_0/src"
make -C ps7_cortexa9_0/libsrc/standalone_v4_0/src -s libs -e "SHELL=CMD" "COMPILER=arm-xilinx-eabi-gcc" "ARCHIVER=arm-xilinx-eabi-ar" "COMPILER_FLAGS=  -O2 -c" "EXTRA_COMPILER_FLAGS=-g"
"Compiling standalone"
"Running Make libs in ps7_cortexa9_0/libsrc/uartps_v2_0/src"
make -C ps7_cortexa9_0/libsrc/uartps_v2_0/src -s libs -e "SHELL=CMD" "COMPILER=arm-xilinx-eabi-gcc" "ARCHIVER=arm-xilinx-eabi-ar" "COMPILER_FLAGS=  -O2 -c" "EXTRA_COMPILER_FLAGS=-g"
"Compiling uartps"
"Running Make libs in ps7_cortexa9_0/libsrc/xadcps_v2_0/src"
make -C ps7_cortexa9_0/libsrc/xadcps_v2_0/src -s libs -e "SHELL=CMD" "COMPILER=arm-xilinx-eabi-gcc" "ARCHIVER=arm-xilinx-eabi-ar" "COMPILER_FLAGS=  -O2 -c" "EXTRA_COMPILER_FLAGS=-g"
"Compiling xadcps"
'Finished building libraries'
20:35:39 **** Auto Build of project HeapSort_bsp ****
make -k all 
"Running Make include in ps7_cortexa9_0/libsrc/bram_v4_0/src"
make -C ps7_cortexa9_0/libsrc/bram_v4_0/src -s include -e "SHELL=CMD" "COMPILER=arm-xilinx-eabi-gcc" "ARCHIVER=arm-xilinx-eabi-ar" "COMPILER_FLAGS=  -O2 -c" "EXTRA_COMPILER_FLAGS=-g"
"Running Make include in ps7_cortexa9_0/libsrc/cpu_cortexa9_v2_0/src"
make -C ps7_cortexa9_0/libsrc/cpu_cortexa9_v2_0/src -s include -e "SHELL=CMD" "COMPILER=arm-xilinx-eabi-gcc" "ARCHIVER=arm-xilinx-eabi-ar" "COMPILER_FLAGS=  -O2 -c" "EXTRA_COMPILER_FLAGS=-g"
"Running Make include in ps7_cortexa9_0/libsrc/devcfg_v3_0/src"
make -C ps7_cortexa9_0/libsrc/devcfg_v3_0/src -s include -e "SHELL=CMD" "COMPILER=arm-xilinx-eabi-gcc" "ARCHIVER=arm-xilinx-eabi-ar" "COMPILER_FLAGS=  -O2 -c" "EXTRA_COMPILER_FLAGS=-g"
"Running Make include in ps7_cortexa9_0/libsrc/dmaps_v2_0/src"
make -C ps7_cortexa9_0/libsrc/dmaps_v2_0/src -s include -e "SHELL=CMD" "COMPILER=arm-xilinx-eabi-gcc" "ARCHIVER=arm-xilinx-eabi-ar" "COMPILER_FLAGS=  -O2 -c" "EXTRA_COMPILER_FLAGS=-g"
"Running Make include in ps7_cortexa9_0/libsrc/heapsortip_v1_0/src"
make -C ps7_cortexa9_0/libsrc/heapsortip_v1_0/src -s include -e "SHELL=CMD" "COMPILER=arm-xilinx-eabi-gcc" "ARCHIVER=arm-xilinx-eabi-ar" "COMPILER_FLAGS=  -O2 -c" "EXTRA_COMPILER_FLAGS=-g"
"Running Make include in ps7_cortexa9_0/libsrc/qspips_v3_0/src"
make -C ps7_cortexa9_0/libsrc/qspips_v3_0/src -s include -e "SHELL=CMD" "COMPILER=arm-xilinx-eabi-gcc" "ARCHIVER=arm-xilinx-eabi-ar" "COMPILER_FLAGS=  -O2 -c" "EXTRA_COMPILER_FLAGS=-g"
"Running Make include in ps7_cortexa9_0/libsrc/scugic_v2_0/src"
make -C ps7_cortexa9_0/libsrc/scugic_v2_0/src -s include -e "SHELL=CMD" "COMPILER=arm-xilinx-eabi-gcc" "ARCHIVER=arm-xilinx-eabi-ar" "COMPILER_FLAGS=  -O2 -c" "EXTRA_COMPILER_FLAGS=-g"
"Running Make include in ps7_cortexa9_0/libsrc/scutimer_v2_0/src"
make -C ps7_cortexa9_0/libsrc/scutimer_v2_0/src -s include -e "SHELL=CMD" "COMPILER=arm-xilinx-eabi-gcc" "ARCHIVER=arm-xilinx-eabi-ar" "COMPILER_FLAGS=  -O2 -c" "EXTRA_COMPILER_FLAGS=-g"
"Running Make include in ps7_cortexa9_0/libsrc/scuwdt_v2_0/src"
make -C ps7_cortexa9_0/libsrc/scuwdt_v2_0/src -s include -e "SHELL=CMD" "COMPILER=arm-xilinx-eabi-gcc" "ARCHIVER=arm-xilinx-eabi-ar" "COMPILER_FLAGS=  -O2 -c" "EXTRA_COMPILER_FLAGS=-g"
"Running Make include in ps7_cortexa9_0/libsrc/standalone_v4_0/src"
make -C ps7_cortexa9_0/libsrc/standalone_v4_0/src -s include -e "SHELL=CMD" "COMPILER=arm-xilinx-eabi-gcc" "ARCHIVER=arm-xilinx-eabi-ar" "COMPILER_FLAGS=  -O2 -c" "EXTRA_COMPILER_FLAGS=-g"
make[2]: Entering directory `D:/MySelf/freelancer/11_2015/HeapSort/code/HeapSortAlgorithm/HeapSortAlgorithm.sdk/SDK/SDK_Export/HeapSort_bsp/ps7_cortexa9_0/libsrc/standalone_v4_0/src/profile'
cp -rf profile.h mblaze_nt_types.h _profile_timer_hw.h ../../../../include
make[2]: Leaving directory `D:/MySelf/freelancer/11_2015/HeapSort/code/HeapSortAlgorithm/HeapSortAlgorithm.sdk/SDK/SDK_Export/HeapSort_bsp/ps7_cortexa9_0/libsrc/standalone_v4_0/src/profile'
"Running Make include in ps7_cortexa9_0/libsrc/uartps_v2_0/src"
make -C ps7_cortexa9_0/libsrc/uartps_v2_0/src -s include -e "SHELL=CMD" "COMPILER=arm-xilinx-eabi-gcc" "ARCHIVER=arm-xilinx-eabi-ar" "COMPILER_FLAGS=  -O2 -c" "EXTRA_COMPILER_FLAGS=-g"
"Running Make include in ps7_cortexa9_0/libsrc/xadcps_v2_0/src"
make -C ps7_cortexa9_0/libsrc/xadcps_v2_0/src -s include -e "SHELL=CMD" "COMPILER=arm-xilinx-eabi-gcc" "ARCHIVER=arm-xilinx-eabi-ar" "COMPILER_FLAGS=  -O2 -c" "EXTRA_COMPILER_FLAGS=-g"
"Running Make libs in ps7_cortexa9_0/libsrc/bram_v4_0/src"
make -C ps7_cortexa9_0/libsrc/bram_v4_0/src -s libs -e "SHELL=CMD" "COMPILER=arm-xilinx-eabi-gcc" "ARCHIVER=arm-xilinx-eabi-ar" "COMPILER_FLAGS=  -O2 -c" "EXTRA_COMPILER_FLAGS=-g"
"Compiling bram"
make[2]: Entering directory `D:/MySelf/freelancer/11_2015/HeapSort/code/HeapSortAlgorithm/HeapSortAlgorithm.sdk/SDK/SDK_Export/HeapSort_bsp/ps7_cortexa9_0/libsrc/bram_v4_0/src'
rm -rf *.o 
make[2]: Leaving directory `D:/MySelf/freelancer/11_2015/HeapSort/code/HeapSortAlgorithm/HeapSortAlgorithm.sdk/SDK/SDK_Export/HeapSort_bsp/ps7_cortexa9_0/libsrc/bram_v4_0/src'
"Running Make libs in ps7_cortexa9_0/libsrc/cpu_cortexa9_v2_0/src"
make -C ps7_cortexa9_0/libsrc/cpu_cortexa9_v2_0/src -s libs -e "SHELL=CMD" "COMPILER=arm-xilinx-eabi-gcc" "ARCHIVER=arm-xilinx-eabi-ar" "COMPILER_FLAGS=  -O2 -c" "EXTRA_COMPILER_FLAGS=-g"
"Compiling cpu_cortexa9"
"Running Make libs in ps7_cortexa9_0/libsrc/devcfg_v3_0/src"
make -C ps7_cortexa9_0/libsrc/devcfg_v3_0/src -s libs -e "SHELL=CMD" "COMPILER=arm-xilinx-eabi-gcc" "ARCHIVER=arm-xilinx-eabi-ar" "COMPILER_FLAGS=  -O2 -c" "EXTRA_COMPILER_FLAGS=-g"
"Compiling devcfg"
"Running Make libs in ps7_cortexa9_0/libsrc/dmaps_v2_0/src"
make -C ps7_cortexa9_0/libsrc/dmaps_v2_0/src -s libs -e "SHELL=CMD" "COMPILER=arm-xilinx-eabi-gcc" "ARCHIVER=arm-xilinx-eabi-ar" "COMPILER_FLAGS=  -O2 -c" "EXTRA_COMPILER_FLAGS=-g"
"Compiling dmaps"
"Running Make libs in ps7_cortexa9_0/libsrc/heapsortip_v1_0/src"
make -C ps7_cortexa9_0/libsrc/heapsortip_v1_0/src -s libs -e "SHELL=CMD" "COMPILER=arm-xilinx-eabi-gcc" "ARCHIVER=arm-xilinx-eabi-ar" "COMPILER_FLAGS=  -O2 -c" "EXTRA_COMPILER_FLAGS=-g"
"Compiling HeapSortIP..."
make[2]: Entering directory `D:/MySelf/freelancer/11_2015/HeapSort/code/HeapSortAlgorithm/HeapSortAlgorithm.sdk/SDK/SDK_Export/HeapSort_bsp/ps7_cortexa9_0/libsrc/heapsortip_v1_0/src'
rm -rf *.o
make[2]: Leaving directory `D:/MySelf/freelancer/11_2015/HeapSort/code/HeapSortAlgorithm/HeapSortAlgorithm.sdk/SDK/SDK_Export/HeapSort_bsp/ps7_cortexa9_0/libsrc/heapsortip_v1_0/src'
"Running Make libs in ps7_cortexa9_0/libsrc/qspips_v3_0/src"
make -C ps7_cortexa9_0/libsrc/qspips_v3_0/src -s libs -e "SHELL=CMD" "COMPILER=arm-xilinx-eabi-gcc" "ARCHIVER=arm-xilinx-eabi-ar" "COMPILER_FLAGS=  -O2 -c" "EXTRA_COMPILER_FLAGS=-g"
"Compiling qspips"
"Running Make libs in ps7_cortexa9_0/libsrc/scugic_v2_0/src"
make -C ps7_cortexa9_0/libsrc/scugic_v2_0/src -s libs -e "SHELL=CMD" "COMPILER=arm-xilinx-eabi-gcc" "ARCHIVER=arm-xilinx-eabi-ar" "COMPILER_FLAGS=  -O2 -c" "EXTRA_COMPILER_FLAGS=-g"
"Compiling scugic"
"Running Make libs in ps7_cortexa9_0/libsrc/scutimer_v2_0/src"
make -C ps7_cortexa9_0/libsrc/scutimer_v2_0/src -s libs -e "SHELL=CMD" "COMPILER=arm-xilinx-eabi-gcc" "ARCHIVER=arm-xilinx-eabi-ar" "COMPILER_FLAGS=  -O2 -c" "EXTRA_COMPILER_FLAGS=-g"
"Compiling scutimer"
"Running Make libs in ps7_cortexa9_0/libsrc/scuwdt_v2_0/src"
make -C ps7_cortexa9_0/libsrc/scuwdt_v2_0/src -s libs -e "SHELL=CMD" "COMPILER=arm-xilinx-eabi-gcc" "ARCHIVER=arm-xilinx-eabi-ar" "COMPILER_FLAGS=  -O2 -c" "EXTRA_COMPILER_FLAGS=-g"
"Compiling scuwdt"
"Running Make libs in ps7_cortexa9_0/libsrc/standalone_v4_0/src"
make -C ps7_cortexa9_0/libsrc/standalone_v4_0/src -s libs -e "SHELL=CMD" "COMPILER=arm-xilinx-eabi-gcc" "ARCHIVER=arm-xilinx-eabi-ar" "COMPILER_FLAGS=  -O2 -c" "EXTRA_COMPILER_FLAGS=-g"
"Compiling standalone"
"Running Make libs in ps7_cortexa9_0/libsrc/uartps_v2_0/src"
make -C ps7_cortexa9_0/libsrc/uartps_v2_0/src -s libs -e "SHELL=CMD" "COMPILER=arm-xilinx-eabi-gcc" "ARCHIVER=arm-xilinx-eabi-ar" "COMPILER_FLAGS=  -O2 -c" "EXTRA_COMPILER_FLAGS=-g"
"Compiling uartps"
"Running Make libs in ps7_cortexa9_0/libsrc/xadcps_v2_0/src"
make -C ps7_cortexa9_0/libsrc/xadcps_v2_0/src -s libs -e "SHELL=CMD" "COMPILER=arm-xilinx-eabi-gcc" "ARCHIVER=arm-xilinx-eabi-ar" "COMPILER_FLAGS=  -O2 -c" "EXTRA_COMPILER_FLAGS=-g"
"Compiling xadcps"
'Finished building libraries'
20:35:54 **** Auto Build of project HeapSort_bsp ****
make -k all 
"Running Make include in ps7_cortexa9_0/libsrc/bram_v4_0/src"
make -C ps7_cortexa9_0/libsrc/bram_v4_0/src -s include -e "SHELL=CMD" "COMPILER=arm-xilinx-eabi-gcc" "ARCHIVER=arm-xilinx-eabi-ar" "COMPILER_FLAGS=  -O2 -c" "EXTRA_COMPILER_FLAGS=-g"
"Running Make include in ps7_cortexa9_0/libsrc/cpu_cortexa9_v2_0/src"
make -C ps7_cortexa9_0/libsrc/cpu_cortexa9_v2_0/src -s include -e "SHELL=CMD" "COMPILER=arm-xilinx-eabi-gcc" "ARCHIVER=arm-xilinx-eabi-ar" "COMPILER_FLAGS=  -O2 -c" "EXTRA_COMPILER_FLAGS=-g"
"Running Make include in ps7_cortexa9_0/libsrc/devcfg_v3_0/src"
make -C ps7_cortexa9_0/libsrc/devcfg_v3_0/src -s include -e "SHELL=CMD" "COMPILER=arm-xilinx-eabi-gcc" "ARCHIVER=arm-xilinx-eabi-ar" "COMPILER_FLAGS=  -O2 -c" "EXTRA_COMPILER_FLAGS=-g"
"Running Make include in ps7_cortexa9_0/libsrc/dmaps_v2_0/src"
make -C ps7_cortexa9_0/libsrc/dmaps_v2_0/src -s include -e "SHELL=CMD" "COMPILER=arm-xilinx-eabi-gcc" "ARCHIVER=arm-xilinx-eabi-ar" "COMPILER_FLAGS=  -O2 -c" "EXTRA_COMPILER_FLAGS=-g"
"Running Make include in ps7_cortexa9_0/libsrc/heapsortip_v1_0/src"
make -C ps7_cortexa9_0/libsrc/heapsortip_v1_0/src -s include -e "SHELL=CMD" "COMPILER=arm-xilinx-eabi-gcc" "ARCHIVER=arm-xilinx-eabi-ar" "COMPILER_FLAGS=  -O2 -c" "EXTRA_COMPILER_FLAGS=-g"
"Running Make include in ps7_cortexa9_0/libsrc/qspips_v3_0/src"
make -C ps7_cortexa9_0/libsrc/qspips_v3_0/src -s include -e "SHELL=CMD" "COMPILER=arm-xilinx-eabi-gcc" "ARCHIVER=arm-xilinx-eabi-ar" "COMPILER_FLAGS=  -O2 -c" "EXTRA_COMPILER_FLAGS=-g"
"Running Make include in ps7_cortexa9_0/libsrc/scugic_v2_0/src"
make -C ps7_cortexa9_0/libsrc/scugic_v2_0/src -s include -e "SHELL=CMD" "COMPILER=arm-xilinx-eabi-gcc" "ARCHIVER=arm-xilinx-eabi-ar" "COMPILER_FLAGS=  -O2 -c" "EXTRA_COMPILER_FLAGS=-g"
"Running Make include in ps7_cortexa9_0/libsrc/scutimer_v2_0/src"
make -C ps7_cortexa9_0/libsrc/scutimer_v2_0/src -s include -e "SHELL=CMD" "COMPILER=arm-xilinx-eabi-gcc" "ARCHIVER=arm-xilinx-eabi-ar" "COMPILER_FLAGS=  -O2 -c" "EXTRA_COMPILER_FLAGS=-g"
"Running Make include in ps7_cortexa9_0/libsrc/scuwdt_v2_0/src"
make -C ps7_cortexa9_0/libsrc/scuwdt_v2_0/src -s include -e "SHELL=CMD" "COMPILER=arm-xilinx-eabi-gcc" "ARCHIVER=arm-xilinx-eabi-ar" "COMPILER_FLAGS=  -O2 -c" "EXTRA_COMPILER_FLAGS=-g"
"Running Make include in ps7_cortexa9_0/libsrc/standalone_v4_0/src"
make -C ps7_cortexa9_0/libsrc/standalone_v4_0/src -s include -e "SHELL=CMD" "COMPILER=arm-xilinx-eabi-gcc" "ARCHIVER=arm-xilinx-eabi-ar" "COMPILER_FLAGS=  -O2 -c" "EXTRA_COMPILER_FLAGS=-g"
make[2]: Entering directory `D:/MySelf/freelancer/11_2015/HeapSort/code/HeapSortAlgorithm/HeapSortAlgorithm.sdk/SDK/SDK_Export/HeapSort_bsp/ps7_cortexa9_0/libsrc/standalone_v4_0/src/profile'
cp -rf profile.h mblaze_nt_types.h _profile_timer_hw.h ../../../../include
make[2]: Leaving directory `D:/MySelf/freelancer/11_2015/HeapSort/code/HeapSortAlgorithm/HeapSortAlgorithm.sdk/SDK/SDK_Export/HeapSort_bsp/ps7_cortexa9_0/libsrc/standalone_v4_0/src/profile'
"Running Make include in ps7_cortexa9_0/libsrc/uartps_v2_0/src"
make -C ps7_cortexa9_0/libsrc/uartps_v2_0/src -s include -e "SHELL=CMD" "COMPILER=arm-xilinx-eabi-gcc" "ARCHIVER=arm-xilinx-eabi-ar" "COMPILER_FLAGS=  -O2 -c" "EXTRA_COMPILER_FLAGS=-g"
"Running Make include in ps7_cortexa9_0/libsrc/xadcps_v2_0/src"
make -C ps7_cortexa9_0/libsrc/xadcps_v2_0/src -s include -e "SHELL=CMD" "COMPILER=arm-xilinx-eabi-gcc" "ARCHIVER=arm-xilinx-eabi-ar" "COMPILER_FLAGS=  -O2 -c" "EXTRA_COMPILER_FLAGS=-g"
"Running Make libs in ps7_cortexa9_0/libsrc/bram_v4_0/src"
make -C ps7_cortexa9_0/libsrc/bram_v4_0/src -s libs -e "SHELL=CMD" "COMPILER=arm-xilinx-eabi-gcc" "ARCHIVER=arm-xilinx-eabi-ar" "COMPILER_FLAGS=  -O2 -c" "EXTRA_COMPILER_FLAGS=-g"
"Compiling bram"
make[2]: Entering directory `D:/MySelf/freelancer/11_2015/HeapSort/code/HeapSortAlgorithm/HeapSortAlgorithm.sdk/SDK/SDK_Export/HeapSort_bsp/ps7_cortexa9_0/libsrc/bram_v4_0/src'
rm -rf *.o 
make[2]: Leaving directory `D:/MySelf/freelancer/11_2015/HeapSort/code/HeapSortAlgorithm/HeapSortAlgorithm.sdk/SDK/SDK_Export/HeapSort_bsp/ps7_cortexa9_0/libsrc/bram_v4_0/src'
"Running Make libs in ps7_cortexa9_0/libsrc/cpu_cortexa9_v2_0/src"
make -C ps7_cortexa9_0/libsrc/cpu_cortexa9_v2_0/src -s libs -e "SHELL=CMD" "COMPILER=arm-xilinx-eabi-gcc" "ARCHIVER=arm-xilinx-eabi-ar" "COMPILER_FLAGS=  -O2 -c" "EXTRA_COMPILER_FLAGS=-g"
"Compiling cpu_cortexa9"
"Running Make libs in ps7_cortexa9_0/libsrc/devcfg_v3_0/src"
make -C ps7_cortexa9_0/libsrc/devcfg_v3_0/src -s libs -e "SHELL=CMD" "COMPILER=arm-xilinx-eabi-gcc" "ARCHIVER=arm-xilinx-eabi-ar" "COMPILER_FLAGS=  -O2 -c" "EXTRA_COMPILER_FLAGS=-g"
"Compiling devcfg"
"Running Make libs in ps7_cortexa9_0/libsrc/dmaps_v2_0/src"
make -C ps7_cortexa9_0/libsrc/dmaps_v2_0/src -s libs -e "SHELL=CMD" "COMPILER=arm-xilinx-eabi-gcc" "ARCHIVER=arm-xilinx-eabi-ar" "COMPILER_FLAGS=  -O2 -c" "EXTRA_COMPILER_FLAGS=-g"
"Compiling dmaps"
"Running Make libs in ps7_cortexa9_0/libsrc/heapsortip_v1_0/src"
make -C ps7_cortexa9_0/libsrc/heapsortip_v1_0/src -s libs -e "SHELL=CMD" "COMPILER=arm-xilinx-eabi-gcc" "ARCHIVER=arm-xilinx-eabi-ar" "COMPILER_FLAGS=  -O2 -c" "EXTRA_COMPILER_FLAGS=-g"
"Compiling HeapSortIP..."
make[2]: Entering directory `D:/MySelf/freelancer/11_2015/HeapSort/code/HeapSortAlgorithm/HeapSortAlgorithm.sdk/SDK/SDK_Export/HeapSort_bsp/ps7_cortexa9_0/libsrc/heapsortip_v1_0/src'
rm -rf *.o
make[2]: Leaving directory `D:/MySelf/freelancer/11_2015/HeapSort/code/HeapSortAlgorithm/HeapSortAlgorithm.sdk/SDK/SDK_Export/HeapSort_bsp/ps7_cortexa9_0/libsrc/heapsortip_v1_0/src'
"Running Make libs in ps7_cortexa9_0/libsrc/qspips_v3_0/src"
make -C ps7_cortexa9_0/libsrc/qspips_v3_0/src -s libs -e "SHELL=CMD" "COMPILER=arm-xilinx-eabi-gcc" "ARCHIVER=arm-xilinx-eabi-ar" "COMPILER_FLAGS=  -O2 -c" "EXTRA_COMPILER_FLAGS=-g"
"Compiling qspips"
"Running Make libs in ps7_cortexa9_0/libsrc/scugic_v2_0/src"
make -C ps7_cortexa9_0/libsrc/scugic_v2_0/src -s libs -e "SHELL=CMD" "COMPILER=arm-xilinx-eabi-gcc" "ARCHIVER=arm-xilinx-eabi-ar" "COMPILER_FLAGS=  -O2 -c" "EXTRA_COMPILER_FLAGS=-g"
"Compiling scugic"
"Running Make libs in ps7_cortexa9_0/libsrc/scutimer_v2_0/src"
make -C ps7_cortexa9_0/libsrc/scutimer_v2_0/src -s libs -e "SHELL=CMD" "COMPILER=arm-xilinx-eabi-gcc" "ARCHIVER=arm-xilinx-eabi-ar" "COMPILER_FLAGS=  -O2 -c" "EXTRA_COMPILER_FLAGS=-g"
"Compiling scutimer"
"Running Make libs in ps7_cortexa9_0/libsrc/scuwdt_v2_0/src"
make -C ps7_cortexa9_0/libsrc/scuwdt_v2_0/src -s libs -e "SHELL=CMD" "COMPILER=arm-xilinx-eabi-gcc" "ARCHIVER=arm-xilinx-eabi-ar" "COMPILER_FLAGS=  -O2 -c" "EXTRA_COMPILER_FLAGS=-g"
"Compiling scuwdt"
"Running Make libs in ps7_cortexa9_0/libsrc/standalone_v4_0/src"
make -C ps7_cortexa9_0/libsrc/standalone_v4_0/src -s libs -e "SHELL=CMD" "COMPILER=arm-xilinx-eabi-gcc" "ARCHIVER=arm-xilinx-eabi-ar" "COMPILER_FLAGS=  -O2 -c" "EXTRA_COMPILER_FLAGS=-g"
"Compiling standalone"
"Running Make libs in ps7_cortexa9_0/libsrc/uartps_v2_0/src"
make -C ps7_cortexa9_0/libsrc/uartps_v2_0/src -s libs -e "SHELL=CMD" "COMPILER=arm-xilinx-eabi-gcc" "ARCHIVER=arm-xilinx-eabi-ar" "COMPILER_FLAGS=  -O2 -c" "EXTRA_COMPILER_FLAGS=-g"
"Compiling uartps"
"Running Make libs in ps7_cortexa9_0/libsrc/xadcps_v2_0/src"
make -C ps7_cortexa9_0/libsrc/xadcps_v2_0/src -s libs -e "SHELL=CMD" "COMPILER=arm-xilinx-eabi-gcc" "ARCHIVER=arm-xilinx-eabi-ar" "COMPILER_FLAGS=  -O2 -c" "EXTRA_COMPILER_FLAGS=-g"
"Compiling xadcps"
'Finished building libraries'
20:36:08 **** Auto Build of project HeapSort_bsp ****
make -k all 
"Running Make include in ps7_cortexa9_0/libsrc/bram_v4_0/src"
make -C ps7_cortexa9_0/libsrc/bram_v4_0/src -s include -e "SHELL=CMD" "COMPILER=arm-xilinx-eabi-gcc" "ARCHIVER=arm-xilinx-eabi-ar" "COMPILER_FLAGS=  -O2 -c" "EXTRA_COMPILER_FLAGS=-g"
"Running Make include in ps7_cortexa9_0/libsrc/cpu_cortexa9_v2_0/src"
make -C ps7_cortexa9_0/libsrc/cpu_cortexa9_v2_0/src -s include -e "SHELL=CMD" "COMPILER=arm-xilinx-eabi-gcc" "ARCHIVER=arm-xilinx-eabi-ar" "COMPILER_FLAGS=  -O2 -c" "EXTRA_COMPILER_FLAGS=-g"
"Running Make include in ps7_cortexa9_0/libsrc/devcfg_v3_0/src"
make -C ps7_cortexa9_0/libsrc/devcfg_v3_0/src -s include -e "SHELL=CMD" "COMPILER=arm-xilinx-eabi-gcc" "ARCHIVER=arm-xilinx-eabi-ar" "COMPILER_FLAGS=  -O2 -c" "EXTRA_COMPILER_FLAGS=-g"
"Running Make include in ps7_cortexa9_0/libsrc/dmaps_v2_0/src"
make -C ps7_cortexa9_0/libsrc/dmaps_v2_0/src -s include -e "SHELL=CMD" "COMPILER=arm-xilinx-eabi-gcc" "ARCHIVER=arm-xilinx-eabi-ar" "COMPILER_FLAGS=  -O2 -c" "EXTRA_COMPILER_FLAGS=-g"
"Running Make include in ps7_cortexa9_0/libsrc/heapsortip_v1_0/src"
make -C ps7_cortexa9_0/libsrc/heapsortip_v1_0/src -s include -e "SHELL=CMD" "COMPILER=arm-xilinx-eabi-gcc" "ARCHIVER=arm-xilinx-eabi-ar" "COMPILER_FLAGS=  -O2 -c" "EXTRA_COMPILER_FLAGS=-g"
"Running Make include in ps7_cortexa9_0/libsrc/qspips_v3_0/src"
make -C ps7_cortexa9_0/libsrc/qspips_v3_0/src -s include -e "SHELL=CMD" "COMPILER=arm-xilinx-eabi-gcc" "ARCHIVER=arm-xilinx-eabi-ar" "COMPILER_FLAGS=  -O2 -c" "EXTRA_COMPILER_FLAGS=-g"
"Running Make include in ps7_cortexa9_0/libsrc/scugic_v2_0/src"
make -C ps7_cortexa9_0/libsrc/scugic_v2_0/src -s include -e "SHELL=CMD" "COMPILER=arm-xilinx-eabi-gcc" "ARCHIVER=arm-xilinx-eabi-ar" "COMPILER_FLAGS=  -O2 -c" "EXTRA_COMPILER_FLAGS=-g"
"Running Make include in ps7_cortexa9_0/libsrc/scutimer_v2_0/src"
make -C ps7_cortexa9_0/libsrc/scutimer_v2_0/src -s include -e "SHELL=CMD" "COMPILER=arm-xilinx-eabi-gcc" "ARCHIVER=arm-xilinx-eabi-ar" "COMPILER_FLAGS=  -O2 -c" "EXTRA_COMPILER_FLAGS=-g"
"Running Make include in ps7_cortexa9_0/libsrc/scuwdt_v2_0/src"
make -C ps7_cortexa9_0/libsrc/scuwdt_v2_0/src -s include -e "SHELL=CMD" "COMPILER=arm-xilinx-eabi-gcc" "ARCHIVER=arm-xilinx-eabi-ar" "COMPILER_FLAGS=  -O2 -c" "EXTRA_COMPILER_FLAGS=-g"
"Running Make include in ps7_cortexa9_0/libsrc/standalone_v4_0/src"
make -C ps7_cortexa9_0/libsrc/standalone_v4_0/src -s include -e "SHELL=CMD" "COMPILER=arm-xilinx-eabi-gcc" "ARCHIVER=arm-xilinx-eabi-ar" "COMPILER_FLAGS=  -O2 -c" "EXTRA_COMPILER_FLAGS=-g"
make[2]: Entering directory `D:/MySelf/freelancer/11_2015/HeapSort/code/HeapSortAlgorithm/HeapSortAlgorithm.sdk/SDK/SDK_Export/HeapSort_bsp/ps7_cortexa9_0/libsrc/standalone_v4_0/src/profile'
cp -rf profile.h mblaze_nt_types.h _profile_timer_hw.h ../../../../include
make[2]: Leaving directory `D:/MySelf/freelancer/11_2015/HeapSort/code/HeapSortAlgorithm/HeapSortAlgorithm.sdk/SDK/SDK_Export/HeapSort_bsp/ps7_cortexa9_0/libsrc/standalone_v4_0/src/profile'
"Running Make include in ps7_cortexa9_0/libsrc/uartps_v2_0/src"
make -C ps7_cortexa9_0/libsrc/uartps_v2_0/src -s include -e "SHELL=CMD" "COMPILER=arm-xilinx-eabi-gcc" "ARCHIVER=arm-xilinx-eabi-ar" "COMPILER_FLAGS=  -O2 -c" "EXTRA_COMPILER_FLAGS=-g"
"Running Make include in ps7_cortexa9_0/libsrc/xadcps_v2_0/src"
make -C ps7_cortexa9_0/libsrc/xadcps_v2_0/src -s include -e "SHELL=CMD" "COMPILER=arm-xilinx-eabi-gcc" "ARCHIVER=arm-xilinx-eabi-ar" "COMPILER_FLAGS=  -O2 -c" "EXTRA_COMPILER_FLAGS=-g"
"Running Make libs in ps7_cortexa9_0/libsrc/bram_v4_0/src"
make -C ps7_cortexa9_0/libsrc/bram_v4_0/src -s libs -e "SHELL=CMD" "COMPILER=arm-xilinx-eabi-gcc" "ARCHIVER=arm-xilinx-eabi-ar" "COMPILER_FLAGS=  -O2 -c" "EXTRA_COMPILER_FLAGS=-g"
"Compiling bram"
make[2]: Entering directory `D:/MySelf/freelancer/11_2015/HeapSort/code/HeapSortAlgorithm/HeapSortAlgorithm.sdk/SDK/SDK_Export/HeapSort_bsp/ps7_cortexa9_0/libsrc/bram_v4_0/src'
rm -rf *.o 
make[2]: Leaving directory `D:/MySelf/freelancer/11_2015/HeapSort/code/HeapSortAlgorithm/HeapSortAlgorithm.sdk/SDK/SDK_Export/HeapSort_bsp/ps7_cortexa9_0/libsrc/bram_v4_0/src'
"Running Make libs in ps7_cortexa9_0/libsrc/cpu_cortexa9_v2_0/src"
make -C ps7_cortexa9_0/libsrc/cpu_cortexa9_v2_0/src -s libs -e "SHELL=CMD" "COMPILER=arm-xilinx-eabi-gcc" "ARCHIVER=arm-xilinx-eabi-ar" "COMPILER_FLAGS=  -O2 -c" "EXTRA_COMPILER_FLAGS=-g"
"Compiling cpu_cortexa9"
"Running Make libs in ps7_cortexa9_0/libsrc/devcfg_v3_0/src"
make -C ps7_cortexa9_0/libsrc/devcfg_v3_0/src -s libs -e "SHELL=CMD" "COMPILER=arm-xilinx-eabi-gcc" "ARCHIVER=arm-xilinx-eabi-ar" "COMPILER_FLAGS=  -O2 -c" "EXTRA_COMPILER_FLAGS=-g"
"Compiling devcfg"
"Running Make libs in ps7_cortexa9_0/libsrc/dmaps_v2_0/src"
make -C ps7_cortexa9_0/libsrc/dmaps_v2_0/src -s libs -e "SHELL=CMD" "COMPILER=arm-xilinx-eabi-gcc" "ARCHIVER=arm-xilinx-eabi-ar" "COMPILER_FLAGS=  -O2 -c" "EXTRA_COMPILER_FLAGS=-g"
"Compiling dmaps"
"Running Make libs in ps7_cortexa9_0/libsrc/heapsortip_v1_0/src"
make -C ps7_cortexa9_0/libsrc/heapsortip_v1_0/src -s libs -e "SHELL=CMD" "COMPILER=arm-xilinx-eabi-gcc" "ARCHIVER=arm-xilinx-eabi-ar" "COMPILER_FLAGS=  -O2 -c" "EXTRA_COMPILER_FLAGS=-g"
"Compiling HeapSortIP..."
make[2]: Entering directory `D:/MySelf/freelancer/11_2015/HeapSort/code/HeapSortAlgorithm/HeapSortAlgorithm.sdk/SDK/SDK_Export/HeapSort_bsp/ps7_cortexa9_0/libsrc/heapsortip_v1_0/src'
rm -rf *.o
make[2]: Leaving directory `D:/MySelf/freelancer/11_2015/HeapSort/code/HeapSortAlgorithm/HeapSortAlgorithm.sdk/SDK/SDK_Export/HeapSort_bsp/ps7_cortexa9_0/libsrc/heapsortip_v1_0/src'
"Running Make libs in ps7_cortexa9_0/libsrc/qspips_v3_0/src"
make -C ps7_cortexa9_0/libsrc/qspips_v3_0/src -s libs -e "SHELL=CMD" "COMPILER=arm-xilinx-eabi-gcc" "ARCHIVER=arm-xilinx-eabi-ar" "COMPILER_FLAGS=  -O2 -c" "EXTRA_COMPILER_FLAGS=-g"
"Compiling qspips"
"Running Make libs in ps7_cortexa9_0/libsrc/scugic_v2_0/src"
make -C ps7_cortexa9_0/libsrc/scugic_v2_0/src -s libs -e "SHELL=CMD" "COMPILER=arm-xilinx-eabi-gcc" "ARCHIVER=arm-xilinx-eabi-ar" "COMPILER_FLAGS=  -O2 -c" "EXTRA_COMPILER_FLAGS=-g"
"Compiling scugic"
"Running Make libs in ps7_cortexa9_0/libsrc/scutimer_v2_0/src"
make -C ps7_cortexa9_0/libsrc/scutimer_v2_0/src -s libs -e "SHELL=CMD" "COMPILER=arm-xilinx-eabi-gcc" "ARCHIVER=arm-xilinx-eabi-ar" "COMPILER_FLAGS=  -O2 -c" "EXTRA_COMPILER_FLAGS=-g"
"Compiling scutimer"
"Running Make libs in ps7_cortexa9_0/libsrc/scuwdt_v2_0/src"
make -C ps7_cortexa9_0/libsrc/scuwdt_v2_0/src -s libs -e "SHELL=CMD" "COMPILER=arm-xilinx-eabi-gcc" "ARCHIVER=arm-xilinx-eabi-ar" "COMPILER_FLAGS=  -O2 -c" "EXTRA_COMPILER_FLAGS=-g"
"Compiling scuwdt"
"Running Make libs in ps7_cortexa9_0/libsrc/standalone_v4_0/src"
make -C ps7_cortexa9_0/libsrc/standalone_v4_0/src -s libs -e "SHELL=CMD" "COMPILER=arm-xilinx-eabi-gcc" "ARCHIVER=arm-xilinx-eabi-ar" "COMPILER_FLAGS=  -O2 -c" "EXTRA_COMPILER_FLAGS=-g"
"Compiling standalone"
"Running Make libs in ps7_cortexa9_0/libsrc/uartps_v2_0/src"
make -C ps7_cortexa9_0/libsrc/uartps_v2_0/src -s libs -e "SHELL=CMD" "COMPILER=arm-xilinx-eabi-gcc" "ARCHIVER=arm-xilinx-eabi-ar" "COMPILER_FLAGS=  -O2 -c" "EXTRA_COMPILER_FLAGS=-g"
"Compiling uartps"
"Running Make libs in ps7_cortexa9_0/libsrc/xadcps_v2_0/src"
make -C ps7_cortexa9_0/libsrc/xadcps_v2_0/src -s libs -e "SHELL=CMD" "COMPILER=arm-xilinx-eabi-gcc" "ARCHIVER=arm-xilinx-eabi-ar" "COMPILER_FLAGS=  -O2 -c" "EXTRA_COMPILER_FLAGS=-g"
"Compiling xadcps"
'Finished building libraries'
20:36:25 **** Auto Build of configuration Debug for project HeapSort ****
make all 
make: Nothing to be done for `all'.
20:36:26 **** Auto Build of project standalone_bsp_0 ****
make -k all 
"Running Make include in ps7_cortexa9_0/libsrc/bram_v4_0/src"
make -C ps7_cortexa9_0/libsrc/bram_v4_0/src -s include -e "SHELL=CMD" "COMPILER=arm-xilinx-eabi-gcc" "ARCHIVER=arm-xilinx-eabi-ar" "COMPILER_FLAGS=  -O2 -c" "EXTRA_COMPILER_FLAGS=-g"
"Running Make include in ps7_cortexa9_0/libsrc/cpu_cortexa9_v2_0/src"
make -C ps7_cortexa9_0/libsrc/cpu_cortexa9_v2_0/src -s include -e "SHELL=CMD" "COMPILER=arm-xilinx-eabi-gcc" "ARCHIVER=arm-xilinx-eabi-ar" "COMPILER_FLAGS=  -O2 -c" "EXTRA_COMPILER_FLAGS=-g"
"Running Make include in ps7_cortexa9_0/libsrc/devcfg_v3_0/src"
make -C ps7_cortexa9_0/libsrc/devcfg_v3_0/src -s include -e "SHELL=CMD" "COMPILER=arm-xilinx-eabi-gcc" "ARCHIVER=arm-xilinx-eabi-ar" "COMPILER_FLAGS=  -O2 -c" "EXTRA_COMPILER_FLAGS=-g"
"Running Make include in ps7_cortexa9_0/libsrc/dmaps_v2_0/src"
make -C ps7_cortexa9_0/libsrc/dmaps_v2_0/src -s include -e "SHELL=CMD" "COMPILER=arm-xilinx-eabi-gcc" "ARCHIVER=arm-xilinx-eabi-ar" "COMPILER_FLAGS=  -O2 -c" "EXTRA_COMPILER_FLAGS=-g"
"Running Make include in ps7_cortexa9_0/libsrc/heapsortip_v1_0/src"
make -C ps7_cortexa9_0/libsrc/heapsortip_v1_0/src -s include -e "SHELL=CMD" "COMPILER=arm-xilinx-eabi-gcc" "ARCHIVER=arm-xilinx-eabi-ar" "COMPILER_FLAGS=  -O2 -c" "EXTRA_COMPILER_FLAGS=-g"
"Running Make include in ps7_cortexa9_0/libsrc/qspips_v3_0/src"
make -C ps7_cortexa9_0/libsrc/qspips_v3_0/src -s include -e "SHELL=CMD" "COMPILER=arm-xilinx-eabi-gcc" "ARCHIVER=arm-xilinx-eabi-ar" "COMPILER_FLAGS=  -O2 -c" "EXTRA_COMPILER_FLAGS=-g"
"Running Make include in ps7_cortexa9_0/libsrc/scugic_v2_0/src"
make -C ps7_cortexa9_0/libsrc/scugic_v2_0/src -s include -e "SHELL=CMD" "COMPILER=arm-xilinx-eabi-gcc" "ARCHIVER=arm-xilinx-eabi-ar" "COMPILER_FLAGS=  -O2 -c" "EXTRA_COMPILER_FLAGS=-g"
"Running Make include in ps7_cortexa9_0/libsrc/scutimer_v2_0/src"
make -C ps7_cortexa9_0/libsrc/scutimer_v2_0/src -s include -e "SHELL=CMD" "COMPILER=arm-xilinx-eabi-gcc" "ARCHIVER=arm-xilinx-eabi-ar" "COMPILER_FLAGS=  -O2 -c" "EXTRA_COMPILER_FLAGS=-g"
"Running Make include in ps7_cortexa9_0/libsrc/scuwdt_v2_0/src"
make -C ps7_cortexa9_0/libsrc/scuwdt_v2_0/src -s include -e "SHELL=CMD" "COMPILER=arm-xilinx-eabi-gcc" "ARCHIVER=arm-xilinx-eabi-ar" "COMPILER_FLAGS=  -O2 -c" "EXTRA_COMPILER_FLAGS=-g"
"Running Make include in ps7_cortexa9_0/libsrc/standalone_v4_0/src"
make -C ps7_cortexa9_0/libsrc/standalone_v4_0/src -s include -e "SHELL=CMD" "COMPILER=arm-xilinx-eabi-gcc" "ARCHIVER=arm-xilinx-eabi-ar" "COMPILER_FLAGS=  -O2 -c" "EXTRA_COMPILER_FLAGS=-g"
make[2]: Entering directory `D:/MySelf/freelancer/11_2015/HeapSort/code/HeapSortAlgorithm/HeapSortAlgorithm.sdk/SDK/SDK_Export/standalone_bsp_0/ps7_cortexa9_0/libsrc/standalone_v4_0/src/profile'
cp -rf profile.h mblaze_nt_types.h _profile_timer_hw.h ../../../../include
make[2]: Leaving directory `D:/MySelf/freelancer/11_2015/HeapSort/code/HeapSortAlgorithm/HeapSortAlgorithm.sdk/SDK/SDK_Export/standalone_bsp_0/ps7_cortexa9_0/libsrc/standalone_v4_0/src/profile'
"Running Make include in ps7_cortexa9_0/libsrc/uartps_v2_0/src"
make -C ps7_cortexa9_0/libsrc/uartps_v2_0/src -s include -e "SHELL=CMD" "COMPILER=arm-xilinx-eabi-gcc" "ARCHIVER=arm-xilinx-eabi-ar" "COMPILER_FLAGS=  -O2 -c" "EXTRA_COMPILER_FLAGS=-g"
"Running Make include in ps7_cortexa9_0/libsrc/xadcps_v2_0/src"
make -C ps7_cortexa9_0/libsrc/xadcps_v2_0/src -s include -e "SHELL=CMD" "COMPILER=arm-xilinx-eabi-gcc" "ARCHIVER=arm-xilinx-eabi-ar" "COMPILER_FLAGS=  -O2 -c" "EXTRA_COMPILER_FLAGS=-g"
"Running Make libs in ps7_cortexa9_0/libsrc/bram_v4_0/src"
make -C ps7_cortexa9_0/libsrc/bram_v4_0/src -s libs -e "SHELL=CMD" "COMPILER=arm-xilinx-eabi-gcc" "ARCHIVER=arm-xilinx-eabi-ar" "COMPILER_FLAGS=  -O2 -c" "EXTRA_COMPILER_FLAGS=-g"
"Compiling bram"
make[2]: Entering directory `D:/MySelf/freelancer/11_2015/HeapSort/code/HeapSortAlgorithm/HeapSortAlgorithm.sdk/SDK/SDK_Export/standalone_bsp_0/ps7_cortexa9_0/libsrc/bram_v4_0/src'
rm -rf *.o 
make[2]: Leaving directory `D:/MySelf/freelancer/11_2015/HeapSort/code/HeapSortAlgorithm/HeapSortAlgorithm.sdk/SDK/SDK_Export/standalone_bsp_0/ps7_cortexa9_0/libsrc/bram_v4_0/src'
"Running Make libs in ps7_cortexa9_0/libsrc/cpu_cortexa9_v2_0/src"
make -C ps7_cortexa9_0/libsrc/cpu_cortexa9_v2_0/src -s libs -e "SHELL=CMD" "COMPILER=arm-xilinx-eabi-gcc" "ARCHIVER=arm-xilinx-eabi-ar" "COMPILER_FLAGS=  -O2 -c" "EXTRA_COMPILER_FLAGS=-g"
"Compiling cpu_cortexa9"
"Running Make libs in ps7_cortexa9_0/libsrc/devcfg_v3_0/src"
make -C ps7_cortexa9_0/libsrc/devcfg_v3_0/src -s libs -e "SHELL=CMD" "COMPILER=arm-xilinx-eabi-gcc" "ARCHIVER=arm-xilinx-eabi-ar" "COMPILER_FLAGS=  -O2 -c" "EXTRA_COMPILER_FLAGS=-g"
"Compiling devcfg"
"Running Make libs in ps7_cortexa9_0/libsrc/dmaps_v2_0/src"
make -C ps7_cortexa9_0/libsrc/dmaps_v2_0/src -s libs -e "SHELL=CMD" "COMPILER=arm-xilinx-eabi-gcc" "ARCHIVER=arm-xilinx-eabi-ar" "COMPILER_FLAGS=  -O2 -c" "EXTRA_COMPILER_FLAGS=-g"
"Compiling dmaps"
"Running Make libs in ps7_cortexa9_0/libsrc/heapsortip_v1_0/src"
make -C ps7_cortexa9_0/libsrc/heapsortip_v1_0/src -s libs -e "SHELL=CMD" "COMPILER=arm-xilinx-eabi-gcc" "ARCHIVER=arm-xilinx-eabi-ar" "COMPILER_FLAGS=  -O2 -c" "EXTRA_COMPILER_FLAGS=-g"
"Compiling HeapSortIP..."
make[2]: Entering directory `D:/MySelf/freelancer/11_2015/HeapSort/code/HeapSortAlgorithm/HeapSortAlgorithm.sdk/SDK/SDK_Export/standalone_bsp_0/ps7_cortexa9_0/libsrc/heapsortip_v1_0/src'
rm -rf *.o
make[2]: Leaving directory `D:/MySelf/freelancer/11_2015/HeapSort/code/HeapSortAlgorithm/HeapSortAlgorithm.sdk/SDK/SDK_Export/standalone_bsp_0/ps7_cortexa9_0/libsrc/heapsortip_v1_0/src'
"Running Make libs in ps7_cortexa9_0/libsrc/qspips_v3_0/src"
make -C ps7_cortexa9_0/libsrc/qspips_v3_0/src -s libs -e "SHELL=CMD" "COMPILER=arm-xilinx-eabi-gcc" "ARCHIVER=arm-xilinx-eabi-ar" "COMPILER_FLAGS=  -O2 -c" "EXTRA_COMPILER_FLAGS=-g"
"Compiling qspips"
"Running Make libs in ps7_cortexa9_0/libsrc/scugic_v2_0/src"
make -C ps7_cortexa9_0/libsrc/scugic_v2_0/src -s libs -e "SHELL=CMD" "COMPILER=arm-xilinx-eabi-gcc" "ARCHIVER=arm-xilinx-eabi-ar" "COMPILER_FLAGS=  -O2 -c" "EXTRA_COMPILER_FLAGS=-g"
"Compiling scugic"
"Running Make libs in ps7_cortexa9_0/libsrc/scutimer_v2_0/src"
make -C ps7_cortexa9_0/libsrc/scutimer_v2_0/src -s libs -e "SHELL=CMD" "COMPILER=arm-xilinx-eabi-gcc" "ARCHIVER=arm-xilinx-eabi-ar" "COMPILER_FLAGS=  -O2 -c" "EXTRA_COMPILER_FLAGS=-g"
"Compiling scutimer"
"Running Make libs in ps7_cortexa9_0/libsrc/scuwdt_v2_0/src"
make -C ps7_cortexa9_0/libsrc/scuwdt_v2_0/src -s libs -e "SHELL=CMD" "COMPILER=arm-xilinx-eabi-gcc" "ARCHIVER=arm-xilinx-eabi-ar" "COMPILER_FLAGS=  -O2 -c" "EXTRA_COMPILER_FLAGS=-g"
"Compiling scuwdt"
"Running Make libs in ps7_cortexa9_0/libsrc/standalone_v4_0/src"
make -C ps7_cortexa9_0/libsrc/standalone_v4_0/src -s libs -e "SHELL=CMD" "COMPILER=arm-xilinx-eabi-gcc" "ARCHIVER=arm-xilinx-eabi-ar" "COMPILER_FLAGS=  -O2 -c" "EXTRA_COMPILER_FLAGS=-g"
"Compiling standalone"
"Running Make libs in ps7_cortexa9_0/libsrc/uartps_v2_0/src"
make -C ps7_cortexa9_0/libsrc/uartps_v2_0/src -s libs -e "SHELL=CMD" "COMPILER=arm-xilinx-eabi-gcc" "ARCHIVER=arm-xilinx-eabi-ar" "COMPILER_FLAGS=  -O2 -c" "EXTRA_COMPILER_FLAGS=-g"
"Compiling uartps"
"Running Make libs in ps7_cortexa9_0/libsrc/xadcps_v2_0/src"
make -C ps7_cortexa9_0/libsrc/xadcps_v2_0/src -s libs -e "SHELL=CMD" "COMPILER=arm-xilinx-eabi-gcc" "ARCHIVER=arm-xilinx-eabi-ar" "COMPILER_FLAGS=  -O2 -c" "EXTRA_COMPILER_FLAGS=-g"
"Compiling xadcps"
'Finished building libraries'
20:37:24 **** Auto Build of configuration Debug for project HeapSort ****
make all 
'Building file: ../src/helloworld.c'
'Invoking: ARM gcc compiler'
arm-xilinx-eabi-gcc -Wall -O0 -g3 -c -fmessage-length=0 -I../../HeapSort_bsp/ps7_cortexa9_0/include -MMD -MP -MF"src/helloworld.d" -MT"src/helloworld.d" -o "src/helloworld.o" "../src/helloworld.c"
../src/helloworld.c: In function 'MoveArray':
../src/helloworld.c:54:9: warning: variable 'array2' set but not used [-Wunused-but-set-variable]
  int i, array2[size];
         ^
../src/helloworld.c: In function 'maxHeapify':
../src/helloworld.c:85:6: warning: unused variable 'i' [-Wunused-variable]
  int i;
      ^
../src/helloworld.c: In function 'main':
../src/helloworld.c:169:3: warning: passing argument 1 of 'heapSort' from incompatible pointer type [enabled by default]
   heapSort(arr, size);
   ^
../src/helloworld.c:124:6: note: expected 'int *' but argument is of type 'u32 *'
 void heapSort(int* array, int size)
      ^
../src/helloworld.c:147:17: warning: unused variable 'result' [-Wunused-variable]
  u32 arr[size], result[size];
                 ^
'Finished building: ../src/helloworld.c'
' '
'Building target: HeapSort.elf'
'Invoking: ARM gcc linker'
arm-xilinx-eabi-gcc -Wl,-T -Wl,../src/lscript.ld -L../../HeapSort_bsp/ps7_cortexa9_0/lib -o "HeapSort.elf"  ./src/helloworld.o ./src/platform.o   -Wl,--start-group,-lxil,-lgcc,-lc,--end-group
'Finished building target: HeapSort.elf'
' '
'Invoking: ARM Print Size'
arm-xilinx-eabi-size HeapSort.elf  |tee "HeapSort.elf.size"
   text	   data	    bss	    dec	    hex	filename
  30840	   2136	  29844	  62820	   f564	HeapSort.elf
'Finished building: HeapSort.elf.size'
' '
20:37:53 **** Incremental Build of configuration Debug for project HeapSort ****
make all 
make: Nothing to be done for `all'.
20:38:31 **** Auto Build of configuration Debug for project HeapSort ****
make all 
'Building file: ../src/helloworld.c'
'Invoking: ARM gcc compiler'
arm-xilinx-eabi-gcc -Wall -O0 -g3 -c -fmessage-length=0 -I../../HeapSort_bsp/ps7_cortexa9_0/include -MMD -MP -MF"src/helloworld.d" -MT"src/helloworld.d" -o "src/helloworld.o" "../src/helloworld.c"
../src/helloworld.c: In function 'MoveArray':
../src/helloworld.c:54:9: warning: variable 'array2' set but not used [-Wunused-but-set-variable]
  int i, array2[size];
         ^
../src/helloworld.c: In function 'maxHeapify':
../src/helloworld.c:85:6: warning: unused variable 'i' [-Wunused-variable]
  int i;
      ^
../src/helloworld.c: In function 'main':
../src/helloworld.c:169:3: warning: passing argument 1 of 'heapSort' from incompatible pointer type [enabled by default]
   heapSort(arr, size);
   ^
../src/helloworld.c:124:6: note: expected 'int *' but argument is of type 'u32 *'
 void heapSort(int* array, int size)
      ^
../src/helloworld.c:147:17: warning: unused variable 'result' [-Wunused-variable]
  u32 arr[size], result[size];
                 ^
'Finished building: ../src/helloworld.c'
' '
'Building target: HeapSort.elf'
'Invoking: ARM gcc linker'
arm-xilinx-eabi-gcc -Wl,-T -Wl,../src/lscript.ld -L../../HeapSort_bsp/ps7_cortexa9_0/lib -o "HeapSort.elf"  ./src/helloworld.o ./src/platform.o   -Wl,--start-group,-lxil,-lgcc,-lc,--end-group
'Finished building target: HeapSort.elf'
' '
'Invoking: ARM Print Size'
arm-xilinx-eabi-size HeapSort.elf  |tee "HeapSort.elf.size"
   text	   data	    bss	    dec	    hex	filename
  30840	   2136	  29844	  62820	   f564	HeapSort.elf
'Finished building: HeapSort.elf.size'
' '
20:38:43 **** Incremental Build of configuration Debug for project HeapSort ****
make all 
make: Nothing to be done for `all'.
20:39:27 **** Incremental Build of configuration Debug for project HeapSort ****
make all 
make: Nothing to be done for `all'.
20:43:18 **** Auto Build of configuration Debug for project HeapSort ****
make all 
'Building file: ../src/helloworld.c'
'Invoking: ARM gcc compiler'
arm-xilinx-eabi-gcc -Wall -O0 -g3 -c -fmessage-length=0 -I../../HeapSort_bsp/ps7_cortexa9_0/include -MMD -MP -MF"src/helloworld.d" -MT"src/helloworld.d" -o "src/helloworld.o" "../src/helloworld.c"
../src/helloworld.c: In function 'MoveArray':
../src/helloworld.c:54:9: warning: variable 'array2' set but not used [-Wunused-but-set-variable]
  int i, array2[size];
         ^
../src/helloworld.c: In function 'maxHeapify':
../src/helloworld.c:85:6: warning: unused variable 'i' [-Wunused-variable]
  int i;
      ^
../src/helloworld.c: In function 'main':
../src/helloworld.c:169:3: warning: passing argument 1 of 'heapSort' from incompatible pointer type [enabled by default]
   heapSort(arr, size);
   ^
../src/helloworld.c:124:6: note: expected 'int *' but argument is of type 'u32 *'
 void heapSort(int* array, int size)
      ^
../src/helloworld.c:231:2: warning: "/*" within comment [-Wcomment]
  /*Compare the result in software and hardware*/
 ^
../src/helloworld.c:149:7: warning: variable 'result_addr' set but not used [-Wunused-but-set-variable]
  u32 *result_addr;
       ^
../src/helloworld.c:147:17: warning: unused variable 'result' [-Wunused-variable]
  u32 arr[size], result[size];
                 ^
'Finished building: ../src/helloworld.c'
' '
'Building target: HeapSort.elf'
'Invoking: ARM gcc linker'
arm-xilinx-eabi-gcc -Wl,-T -Wl,../src/lscript.ld -L../../HeapSort_bsp/ps7_cortexa9_0/lib -o "HeapSort.elf"  ./src/helloworld.o ./src/platform.o   -Wl,--start-group,-lxil,-lgcc,-lc,--end-group
'Finished building target: HeapSort.elf'
' '
'Invoking: ARM Print Size'
arm-xilinx-eabi-size HeapSort.elf  |tee "HeapSort.elf.size"
   text	   data	    bss	    dec	    hex	filename
  30148	   2136	  29844	  62128	   f2b0	HeapSort.elf
'Finished building: HeapSort.elf.size'
' '
20:43:20 **** Incremental Build of configuration Debug for project HeapSort ****
make all 
make: Nothing to be done for `all'.
20:43:59 **** Incremental Build of configuration Debug for project HeapSort ****
make all 
make: Nothing to be done for `all'.
20:44:42 **** Auto Build of configuration Debug for project HeapSort ****
make all 
'Building file: ../src/helloworld.c'
'Invoking: ARM gcc compiler'
arm-xilinx-eabi-gcc -Wall -O0 -g3 -c -fmessage-length=0 -I../../HeapSort_bsp/ps7_cortexa9_0/include -MMD -MP -MF"src/helloworld.d" -MT"src/helloworld.d" -o "src/helloworld.o" "../src/helloworld.c"
../src/helloworld.c: In function 'MoveArray':
../src/helloworld.c:54:9: warning: variable 'array2' set but not used [-Wunused-but-set-variable]
  int i, array2[size];
         ^
../src/helloworld.c: In function 'maxHeapify':
../src/helloworld.c:85:6: warning: unused variable 'i' [-Wunused-variable]
  int i;
      ^
../src/helloworld.c: In function 'main':
../src/helloworld.c:169:3: warning: passing argument 1 of 'heapSort' from incompatible pointer type [enabled by default]
   heapSort(arr, size);
   ^
../src/helloworld.c:124:6: note: expected 'int *' but argument is of type 'u32 *'
 void heapSort(int* array, int size)
      ^
../src/helloworld.c:147:17: warning: unused variable 'result' [-Wunused-variable]
  u32 arr[size], result[size];
                 ^
'Finished building: ../src/helloworld.c'
' '
'Building target: HeapSort.elf'
'Invoking: ARM gcc linker'
arm-xilinx-eabi-gcc -Wl,-T -Wl,../src/lscript.ld -L../../HeapSort_bsp/ps7_cortexa9_0/lib -o "HeapSort.elf"  ./src/helloworld.o ./src/platform.o   -Wl,--start-group,-lxil,-lgcc,-lc,--end-group
'Finished building target: HeapSort.elf'
' '
'Invoking: ARM Print Size'
arm-xilinx-eabi-size HeapSort.elf  |tee "HeapSort.elf.size"
   text	   data	    bss	    dec	    hex	filename
  30840	   2136	  29844	  62820	   f564	HeapSort.elf
'Finished building: HeapSort.elf.size'
' '
20:44:45 **** Incremental Build of configuration Debug for project HeapSort ****
make all 
make: Nothing to be done for `all'.
20:45:27 **** Auto Build of configuration Debug for project HeapSort ****
make all 
'Building file: ../src/helloworld.c'
'Invoking: ARM gcc compiler'
arm-xilinx-eabi-gcc -Wall -O0 -g3 -c -fmessage-length=0 -I../../HeapSort_bsp/ps7_cortexa9_0/include -MMD -MP -MF"src/helloworld.d" -MT"src/helloworld.d" -o "src/helloworld.o" "../src/helloworld.c"
../src/helloworld.c: In function 'MoveArray':
../src/helloworld.c:54:9: warning: variable 'array2' set but not used [-Wunused-but-set-variable]
  int i, array2[size];
         ^
../src/helloworld.c: In function 'maxHeapify':
../src/helloworld.c:85:6: warning: unused variable 'i' [-Wunused-variable]
  int i;
      ^
../src/helloworld.c: In function 'main':
../src/helloworld.c:169:3: warning: passing argument 1 of 'heapSort' from incompatible pointer type [enabled by default]
   heapSort(arr, size);
   ^
../src/helloworld.c:124:6: note: expected 'int *' but argument is of type 'u32 *'
 void heapSort(int* array, int size)
      ^
../src/helloworld.c:149:7: warning: variable 'result_addr' set but not used [-Wunused-but-set-variable]
  u32 *result_addr;
       ^
../src/helloworld.c:147:17: warning: unused variable 'result' [-Wunused-variable]
  u32 arr[size], result[size];
                 ^
'Finished building: ../src/helloworld.c'
' '
'Building target: HeapSort.elf'
'Invoking: ARM gcc linker'
arm-xilinx-eabi-gcc -Wl,-T -Wl,../src/lscript.ld -L../../HeapSort_bsp/ps7_cortexa9_0/lib -o "HeapSort.elf"  ./src/helloworld.o ./src/platform.o   -Wl,--start-group,-lxil,-lgcc,-lc,--end-group
'Finished building target: HeapSort.elf'
' '
'Invoking: ARM Print Size'
arm-xilinx-eabi-size HeapSort.elf  |tee "HeapSort.elf.size"
   text	   data	    bss	    dec	    hex	filename
  30392	   2136	  29844	  62372	   f3a4	HeapSort.elf
'Finished building: HeapSort.elf.size'
' '
20:45:34 **** Auto Build of configuration Debug for project HeapSort ****
make all 
'Building file: ../src/helloworld.c'
'Invoking: ARM gcc compiler'
arm-xilinx-eabi-gcc -Wall -O0 -g3 -c -fmessage-length=0 -I../../HeapSort_bsp/ps7_cortexa9_0/include -MMD -MP -MF"src/helloworld.d" -MT"src/helloworld.d" -o "src/helloworld.o" "../src/helloworld.c"
../src/helloworld.c: In function 'MoveArray':
../src/helloworld.c:54:9: warning: variable 'array2' set but not used [-Wunused-but-set-variable]
  int i, array2[size];
         ^
../src/helloworld.c: In function 'maxHeapify':
../src/helloworld.c:85:6: warning: unused variable 'i' [-Wunused-variable]
  int i;
      ^
../src/helloworld.c: In function 'main':
../src/helloworld.c:169:3: warning: passing argument 1 of 'heapSort' from incompatible pointer type [enabled by default]
   heapSort(arr, size);
   ^
../src/helloworld.c:124:6: note: expected 'int *' but argument is of type 'u32 *'
 void heapSort(int* array, int size)
      ^
../src/helloworld.c:149:7: warning: variable 'result_addr' set but not used [-Wunused-but-set-variable]
  u32 *result_addr;
       ^
../src/helloworld.c:147:17: warning: unused variable 'result' [-Wunused-variable]
  u32 arr[size], result[size];
                 ^
'Finished building: ../src/helloworld.c'
' '
'Building target: HeapSort.elf'
'Invoking: ARM gcc linker'
arm-xilinx-eabi-gcc -Wl,-T -Wl,../src/lscript.ld -L../../HeapSort_bsp/ps7_cortexa9_0/lib -o "HeapSort.elf"  ./src/helloworld.o ./src/platform.o   -Wl,--start-group,-lxil,-lgcc,-lc,--end-group
'Finished building target: HeapSort.elf'
' '
'Invoking: ARM Print Size'
arm-xilinx-eabi-size HeapSort.elf  |tee "HeapSort.elf.size"
   text	   data	    bss	    dec	    hex	filename
  30392	   2136	  29844	  62372	   f3a4	HeapSort.elf
'Finished building: HeapSort.elf.size'
' '
20:45:36 **** Incremental Build of configuration Debug for project HeapSort ****
make all 
make: Nothing to be done for `all'.
20:46:37 **** Auto Build of configuration Debug for project HeapSort ****
make all 
'Building file: ../src/helloworld.c'
'Invoking: ARM gcc compiler'
arm-xilinx-eabi-gcc -Wall -O0 -g3 -c -fmessage-length=0 -I../../HeapSort_bsp/ps7_cortexa9_0/include -MMD -MP -MF"src/helloworld.d" -MT"src/helloworld.d" -o "src/helloworld.o" "../src/helloworld.c"
../src/helloworld.c: In function 'MoveArray':
../src/helloworld.c:54:9: warning: variable 'array2' set but not used [-Wunused-but-set-variable]
  int i, array2[size];
         ^
../src/helloworld.c: In function 'maxHeapify':
../src/helloworld.c:85:6: warning: unused variable 'i' [-Wunused-variable]
  int i;
      ^
../src/helloworld.c: In function 'main':
../src/helloworld.c:169:3: warning: passing argument 1 of 'heapSort' from incompatible pointer type [enabled by default]
   heapSort(arr, size);
   ^
../src/helloworld.c:124:6: note: expected 'int *' but argument is of type 'u32 *'
 void heapSort(int* array, int size)
      ^
../src/helloworld.c:147:17: warning: unused variable 'result' [-Wunused-variable]
  u32 arr[size], result[size];
                 ^
'Finished building: ../src/helloworld.c'
' '
'Building target: HeapSort.elf'
'Invoking: ARM gcc linker'
arm-xilinx-eabi-gcc -Wl,-T -Wl,../src/lscript.ld -L../../HeapSort_bsp/ps7_cortexa9_0/lib -o "HeapSort.elf"  ./src/helloworld.o ./src/platform.o   -Wl,--start-group,-lxil,-lgcc,-lc,--end-group
'Finished building target: HeapSort.elf'
' '
'Invoking: ARM Print Size'
arm-xilinx-eabi-size HeapSort.elf  |tee "HeapSort.elf.size"
   text	   data	    bss	    dec	    hex	filename
  30612	   2136	  29844	  62592	   f480	HeapSort.elf
'Finished building: HeapSort.elf.size'
' '
20:46:42 **** Incremental Build of configuration Debug for project HeapSort ****
make all 
make: Nothing to be done for `all'.
20:47:10 **** Incremental Build of configuration Debug for project HeapSort ****
make all 
make: Nothing to be done for `all'.
20:47:47 **** Auto Build of configuration Debug for project HeapSort ****
make all 
'Building file: ../src/helloworld.c'
'Invoking: ARM gcc compiler'
arm-xilinx-eabi-gcc -Wall -O0 -g3 -c -fmessage-length=0 -I../../HeapSort_bsp/ps7_cortexa9_0/include -MMD -MP -MF"src/helloworld.d" -MT"src/helloworld.d" -o "src/helloworld.o" "../src/helloworld.c"
../src/helloworld.c: In function 'MoveArray':
../src/helloworld.c:54:9: warning: variable 'array2' set but not used [-Wunused-but-set-variable]
  int i, array2[size];
         ^
../src/helloworld.c: In function 'maxHeapify':
../src/helloworld.c:85:6: warning: unused variable 'i' [-Wunused-variable]
  int i;
      ^
../src/helloworld.c: In function 'main':
../src/helloworld.c:169:3: warning: passing argument 1 of 'heapSort' from incompatible pointer type [enabled by default]
   heapSort(arr, size);
   ^
../src/helloworld.c:124:6: note: expected 'int *' but argument is of type 'u32 *'
 void heapSort(int* array, int size)
      ^
../src/helloworld.c:147:17: warning: unused variable 'result' [-Wunused-variable]
  u32 arr[size], result[size];
                 ^
'Finished building: ../src/helloworld.c'
' '
'Building target: HeapSort.elf'
'Invoking: ARM gcc linker'
arm-xilinx-eabi-gcc -Wl,-T -Wl,../src/lscript.ld -L../../HeapSort_bsp/ps7_cortexa9_0/lib -o "HeapSort.elf"  ./src/helloworld.o ./src/platform.o   -Wl,--start-group,-lxil,-lgcc,-lc,--end-group
'Finished building target: HeapSort.elf'
' '
'Invoking: ARM Print Size'
arm-xilinx-eabi-size HeapSort.elf  |tee "HeapSort.elf.size"
   text	   data	    bss	    dec	    hex	filename
  30676	   2136	  29844	  62656	   f4c0	HeapSort.elf
'Finished building: HeapSort.elf.size'
' '
20:48:04 **** Incremental Build of configuration Debug for project HeapSort ****
make all 
make: Nothing to be done for `all'.
20:48:42 **** Incremental Build of configuration Debug for project HeapSort ****
make all 
make: Nothing to be done for `all'.
20:49:36 **** Incremental Build of configuration Debug for project HeapSort ****
make all 
make: Nothing to be done for `all'.
20:50:56 **** Auto Build of configuration Debug for project HeapSort ****
make all 
'Building file: ../src/helloworld.c'
'Invoking: ARM gcc compiler'
arm-xilinx-eabi-gcc -Wall -O0 -g3 -c -fmessage-length=0 -I../../HeapSort_bsp/ps7_cortexa9_0/include -MMD -MP -MF"src/helloworld.d" -MT"src/helloworld.d" -o "src/helloworld.o" "../src/helloworld.c"
../src/helloworld.c: In function 'MoveArray':
../src/helloworld.c:54:9: warning: variable 'array2' set but not used [-Wunused-but-set-variable]
  int i, array2[size];
         ^
../src/helloworld.c: In function 'maxHeapify':
../src/helloworld.c:85:6: warning: unused variable 'i' [-Wunused-variable]
  int i;
      ^
../src/helloworld.c: In function 'main':
../src/helloworld.c:169:3: warning: passing argument 1 of 'heapSort' from incompatible pointer type [enabled by default]
   heapSort(arr, size);
   ^
../src/helloworld.c:124:6: note: expected 'int *' but argument is of type 'u32 *'
 void heapSort(int* array, int size)
      ^
../src/helloworld.c:147:17: warning: unused variable 'result' [-Wunused-variable]
  u32 arr[size], result[size];
                 ^
'Finished building: ../src/helloworld.c'
' '
'Building target: HeapSort.elf'
'Invoking: ARM gcc linker'
arm-xilinx-eabi-gcc -Wl,-T -Wl,../src/lscript.ld -L../../HeapSort_bsp/ps7_cortexa9_0/lib -o "HeapSort.elf"  ./src/helloworld.o ./src/platform.o   -Wl,--start-group,-lxil,-lgcc,-lc,--end-group
'Finished building target: HeapSort.elf'
' '
'Invoking: ARM Print Size'
arm-xilinx-eabi-size HeapSort.elf  |tee "HeapSort.elf.size"
   text	   data	    bss	    dec	    hex	filename
  30760	   2136	  29844	  62740	   f514	HeapSort.elf
'Finished building: HeapSort.elf.size'
' '
20:51:14 **** Incremental Build of configuration Debug for project HeapSort ****
make all 
make: Nothing to be done for `all'.
20:51:42 **** Incremental Build of configuration Debug for project HeapSort ****
make all 
make: Nothing to be done for `all'.
20:52:09 **** Auto Build of configuration Debug for project HeapSort ****
make all 
'Building file: ../src/helloworld.c'
'Invoking: ARM gcc compiler'
arm-xilinx-eabi-gcc -Wall -O0 -g3 -c -fmessage-length=0 -I../../HeapSort_bsp/ps7_cortexa9_0/include -MMD -MP -MF"src/helloworld.d" -MT"src/helloworld.d" -o "src/helloworld.o" "../src/helloworld.c"
[...]
make all 
'Building file: ../src/helloworld.c'
'Invoking: ARM gcc compiler'
arm-xilinx-eabi-gcc -Wall -O0 -g3 -c -fmessage-length=0 -I../../HeapSort_bsp/ps7_cortexa9_0/include -MMD -MP -MF"src/helloworld.d" -MT"src/helloworld.d" -o "src/helloworld.o" "../src/helloworld.c"
../src/helloworld.c: In function 'MoveArray':
../src/helloworld.c:58:9: warning: variable 'array2' set but not used [-Wunused-but-set-variable]
  int i, array2[size];
         ^
../src/helloworld.c: In function 'maxHeapify':
../src/helloworld.c:89:6: warning: unused variable 'i' [-Wunused-variable]
  int i;
      ^
../src/helloworld.c: In function 'main':
../src/helloworld.c:173:3: warning: passing argument 1 of 'heapSort' from incompatible pointer type [enabled by default]
   heapSort(arr, size);
   ^
../src/helloworld.c:128:6: note: expected 'int *' but argument is of type 'u32 *'
 void heapSort(int* array, int size)
      ^
../src/helloworld.c:319:5: warning: format '%d' expects argument of type 'int', but argument 3 has type 'u32' [-Wformat=]
     printf("Number of clock cycles in hardware calculation spent for %d bits is %d \n", size*NUM_BLOCK*8, Xil_In32(XPAR_HEAPSORTIP_0_S_AXI_BASEADDR+3*4));
     ^
../src/helloworld.c:319:5: warning: format '%d' expects argument of type 'int', but argument 3 has type 'u32' [-Wformat=]
../src/helloworld.c:320:5: warning: format '%d' expects argument of type 'int', but argument 2 has type 'long unsigned int' [-Wformat=]
     printf("Throughput of the hardware calculation is %d Mbps\n", size*NUM_BLOCK*8*50/Xil_In32(XPAR_HEAPSORTIP_0_S_AXI_BASEADDR+3*4));
     ^
../src/helloworld.c:320:5: warning: format '%d' expects argument of type 'int', but argument 2 has type 'long unsigned int' [-Wformat=]
'Finished building: ../src/helloworld.c'
' '
'Building target: HeapSort.elf'
'Invoking: ARM gcc linker'
arm-xilinx-eabi-gcc -Wl,-T -Wl,../src/lscript.ld -L../../HeapSort_bsp/ps7_cortexa9_0/lib -o "HeapSort.elf"  ./src/helloworld.o ./src/platform.o   -Wl,--start-group,-lxil,-lgcc,-lc,--end-group
'Finished building target: HeapSort.elf'
' '
'Invoking: ARM Print Size'
arm-xilinx-eabi-size HeapSort.elf  |tee "HeapSort.elf.size"
   text	   data	    bss	    dec	    hex	filename
  65144	   2264	  29852	  97260	  17bec	HeapSort.elf
'Finished building: HeapSort.elf.size'
' '
22:42:29 **** Incremental Build of configuration Debug for project HeapSort ****
make all 
make: Nothing to be done for `all'.
22:43:25 **** Auto Build of configuration Debug for project HeapSort ****
make all 
'Building file: ../src/helloworld.c'
'Invoking: ARM gcc compiler'
arm-xilinx-eabi-gcc -Wall -O0 -g3 -c -fmessage-length=0 -I../../HeapSort_bsp/ps7_cortexa9_0/include -MMD -MP -MF"src/helloworld.d" -MT"src/helloworld.d" -o "src/helloworld.o" "../src/helloworld.c"
../src/helloworld.c: In function 'MoveArray':
../src/helloworld.c:58:9: warning: variable 'array2' set but not used [-Wunused-but-set-variable]
  int i, array2[size];
         ^
../src/helloworld.c: In function 'maxHeapify':
../src/helloworld.c:89:6: warning: unused variable 'i' [-Wunused-variable]
  int i;
      ^
../src/helloworld.c: In function 'main':
../src/helloworld.c:173:3: warning: passing argument 1 of 'heapSort' from incompatible pointer type [enabled by default]
   heapSort(arr, size);
   ^
../src/helloworld.c:128:6: note: expected 'int *' but argument is of type 'u32 *'
 void heapSort(int* array, int size)
      ^
../src/helloworld.c:319:5: warning: format '%d' expects argument of type 'int', but argument 3 has type 'u32' [-Wformat=]
     printf("Number of clock cycles in hardware calculation spent for %d bits is %d \n", size*NUM_BLOCK*8, Xil_In32(XPAR_HEAPSORTIP_0_S_AXI_BASEADDR+3*4));
     ^
../src/helloworld.c:319:5: warning: format '%d' expects argument of type 'int', but argument 3 has type 'u32' [-Wformat=]
../src/helloworld.c:320:5: warning: format '%d' expects argument of type 'int', but argument 2 has type 'long unsigned int' [-Wformat=]
     printf("Throughput of the hardware calculation is %d Mbps\n", size*NUM_BLOCK*8*50/Xil_In32(XPAR_HEAPSORTIP_0_S_AXI_BASEADDR+3*4));
     ^
../src/helloworld.c:320:5: warning: format '%d' expects argument of type 'int', but argument 2 has type 'long unsigned int' [-Wformat=]
'Finished building: ../src/helloworld.c'
' '
'Building target: HeapSort.elf'
'Invoking: ARM gcc linker'
arm-xilinx-eabi-gcc -Wl,-T -Wl,../src/lscript.ld -L../../HeapSort_bsp/ps7_cortexa9_0/lib -o "HeapSort.elf"  ./src/helloworld.o ./src/platform.o   -Wl,--start-group,-lxil,-lgcc,-lc,--end-group
'Finished building target: HeapSort.elf'
' '
'Invoking: ARM Print Size'
arm-xilinx-eabi-size HeapSort.elf  |tee "HeapSort.elf.size"
   text	   data	    bss	    dec	    hex	filename
  65144	   2264	  29852	  97260	  17bec	HeapSort.elf
'Finished building: HeapSort.elf.size'
' '
22:43:26 **** Incremental Build of configuration Debug for project HeapSort ****
make all 
make: Nothing to be done for `all'.
22:44:13 **** Auto Build of configuration Debug for project HeapSort ****
make all 
'Building file: ../src/helloworld.c'
'Invoking: ARM gcc compiler'
arm-xilinx-eabi-gcc -Wall -O0 -g3 -c -fmessage-length=0 -I../../HeapSort_bsp/ps7_cortexa9_0/include -MMD -MP -MF"src/helloworld.d" -MT"src/helloworld.d" -o "src/helloworld.o" "../src/helloworld.c"
../src/helloworld.c: In function 'MoveArray':
../src/helloworld.c:58:9: warning: variable 'array2' set but not used [-Wunused-but-set-variable]
  int i, array2[size];
         ^
../src/helloworld.c: In function 'maxHeapify':
../src/helloworld.c:89:6: warning: unused variable 'i' [-Wunused-variable]
  int i;
      ^
../src/helloworld.c: In function 'main':
../src/helloworld.c:173:3: warning: passing argument 1 of 'heapSort' from incompatible pointer type [enabled by default]
   heapSort(arr, size);
   ^
../src/helloworld.c:128:6: note: expected 'int *' but argument is of type 'u32 *'
 void heapSort(int* array, int size)
      ^
../src/helloworld.c:319:5: warning: format '%d' expects argument of type 'int', but argument 3 has type 'u32' [-Wformat=]
     printf("Number of clock cycles in hardware calculation spent for %d bits is %d \n", size*NUM_BLOCK*8, Xil_In32(XPAR_HEAPSORTIP_0_S_AXI_BASEADDR+3*4));
     ^
../src/helloworld.c:319:5: warning: format '%d' expects argument of type 'int', but argument 3 has type 'u32' [-Wformat=]
../src/helloworld.c:320:5: warning: format '%d' expects argument of type 'int', but argument 2 has type 'long unsigned int' [-Wformat=]
     printf("Throughput of the hardware calculation is %d Mbps\n", size*NUM_BLOCK*8*50/Xil_In32(XPAR_HEAPSORTIP_0_S_AXI_BASEADDR+3*4));
     ^
../src/helloworld.c:320:5: warning: format '%d' expects argument of type 'int', but argument 2 has type 'long unsigned int' [-Wformat=]
'Finished building: ../src/helloworld.c'
' '
'Building target: HeapSort.elf'
'Invoking: ARM gcc linker'
arm-xilinx-eabi-gcc -Wl,-T -Wl,../src/lscript.ld -L../../HeapSort_bsp/ps7_cortexa9_0/lib -o "HeapSort.elf"  ./src/helloworld.o ./src/platform.o   -Wl,--start-group,-lxil,-lgcc,-lc,--end-group
'Finished building target: HeapSort.elf'
' '
'Invoking: ARM Print Size'
arm-xilinx-eabi-size HeapSort.elf  |tee "HeapSort.elf.size"
   text	   data	    bss	    dec	    hex	filename
  65144	   2264	  29852	  97260	  17bec	HeapSort.elf
'Finished building: HeapSort.elf.size'
' '
22:44:16 **** Incremental Build of configuration Debug for project HeapSort ****
make all 
make: Nothing to be done for `all'.
22:45:05 **** Auto Build of configuration Debug for project HeapSort ****
make all 
'Building file: ../src/helloworld.c'
'Invoking: ARM gcc compiler'
arm-xilinx-eabi-gcc -Wall -O0 -g3 -c -fmessage-length=0 -I../../HeapSort_bsp/ps7_cortexa9_0/include -MMD -MP -MF"src/helloworld.d" -MT"src/helloworld.d" -o "src/helloworld.o" "../src/helloworld.c"
../src/helloworld.c: In function 'MoveArray':
../src/helloworld.c:58:9: warning: variable 'array2' set but not used [-Wunused-but-set-variable]
  int i, array2[size];
         ^
../src/helloworld.c: In function 'maxHeapify':
../src/helloworld.c:89:6: warning: unused variable 'i' [-Wunused-variable]
  int i;
      ^
../src/helloworld.c: In function 'main':
../src/helloworld.c:173:3: warning: passing argument 1 of 'heapSort' from incompatible pointer type [enabled by default]
   heapSort(arr, size);
   ^
../src/helloworld.c:128:6: note: expected 'int *' but argument is of type 'u32 *'
 void heapSort(int* array, int size)
      ^
../src/helloworld.c:319:5: warning: format '%d' expects argument of type 'int', but argument 3 has type 'u32' [-Wformat=]
     printf("Number of clock cycles in hardware calculation spent for %d bits is %d \n", size*NUM_BLOCK*8, Xil_In32(XPAR_HEAPSORTIP_0_S_AXI_BASEADDR+3*4));
     ^
../src/helloworld.c:319:5: warning: format '%d' expects argument of type 'int', but argument 3 has type 'u32' [-Wformat=]
../src/helloworld.c:320:5: warning: format '%d' expects argument of type 'int', but argument 2 has type 'long unsigned int' [-Wformat=]
     printf("Throughput of the hardware calculation is %d Mbps\n", size*NUM_BLOCK*8*50/Xil_In32(XPAR_HEAPSORTIP_0_S_AXI_BASEADDR+3*4));
     ^
../src/helloworld.c:320:5: warning: format '%d' expects argument of type 'int', but argument 2 has type 'long unsigned int' [-Wformat=]
'Finished building: ../src/helloworld.c'
' '
'Building target: HeapSort.elf'
'Invoking: ARM gcc linker'
arm-xilinx-eabi-gcc -Wl,-T -Wl,../src/lscript.ld -L../../HeapSort_bsp/ps7_cortexa9_0/lib -o "HeapSort.elf"  ./src/helloworld.o ./src/platform.o   -Wl,--start-group,-lxil,-lgcc,-lc,--end-group
'Finished building target: HeapSort.elf'
' '
'Invoking: ARM Print Size'
arm-xilinx-eabi-size HeapSort.elf  |tee "HeapSort.elf.size"
   text	   data	    bss	    dec	    hex	filename
  65144	   2264	  29852	  97260	  17bec	HeapSort.elf
'Finished building: HeapSort.elf.size'
' '
22:45:21 **** Incremental Build of configuration Debug for project HeapSort ****
make all 
make: Nothing to be done for `all'.
22:45:38 **** Auto Build of configuration Debug for project HeapSort ****
make all 
'Building file: ../src/helloworld.c'
'Invoking: ARM gcc compiler'
arm-xilinx-eabi-gcc -Wall -O0 -g3 -c -fmessage-length=0 -I../../HeapSort_bsp/ps7_cortexa9_0/include -MMD -MP -MF"src/helloworld.d" -MT"src/helloworld.d" -o "src/helloworld.o" "../src/helloworld.c"
../src/helloworld.c: In function 'MoveArray':
../src/helloworld.c:58:9: warning: variable 'array2' set but not used [-Wunused-but-set-variable]
  int i, array2[size];
         ^
../src/helloworld.c: In function 'maxHeapify':
../src/helloworld.c:89:6: warning: unused variable 'i' [-Wunused-variable]
  int i;
      ^
../src/helloworld.c: In function 'main':
../src/helloworld.c:173:3: warning: passing argument 1 of 'heapSort' from incompatible pointer type [enabled by default]
   heapSort(arr, size);
   ^
../src/helloworld.c:128:6: note: expected 'int *' but argument is of type 'u32 *'
 void heapSort(int* array, int size)
      ^
../src/helloworld.c:319:5: warning: format '%d' expects argument of type 'int', but argument 3 has type 'u32' [-Wformat=]
     printf("Number of clock cycles in hardware calculation spent for %d bits is %d \n", size*NUM_BLOCK*8, Xil_In32(XPAR_HEAPSORTIP_0_S_AXI_BASEADDR+3*4));
     ^
../src/helloworld.c:319:5: warning: format '%d' expects argument of type 'int', but argument 3 has type 'u32' [-Wformat=]
../src/helloworld.c:320:5: warning: format '%d' expects argument of type 'int', but argument 2 has type 'long unsigned int' [-Wformat=]
     printf("Throughput of the hardware calculation is %d Mbps\n", size*NUM_BLOCK*8*50/Xil_In32(XPAR_HEAPSORTIP_0_S_AXI_BASEADDR+3*4));
     ^
../src/helloworld.c:320:5: warning: format '%d' expects argument of type 'int', but argument 2 has type 'long unsigned int' [-Wformat=]
'Finished building: ../src/helloworld.c'
' '
'Building target: HeapSort.elf'
'Invoking: ARM gcc linker'
arm-xilinx-eabi-gcc -Wl,-T -Wl,../src/lscript.ld -L../../HeapSort_bsp/ps7_cortexa9_0/lib -o "HeapSort.elf"  ./src/helloworld.o ./src/platform.o   -Wl,--start-group,-lxil,-lgcc,-lc,--end-group
'Finished building target: HeapSort.elf'
' '
'Invoking: ARM Print Size'
arm-xilinx-eabi-size HeapSort.elf  |tee "HeapSort.elf.size"
   text	   data	    bss	    dec	    hex	filename
  65144	   2264	  29852	  97260	  17bec	HeapSort.elf
'Finished building: HeapSort.elf.size'
' '
22:45:40 **** Incremental Build of configuration Debug for project HeapSort ****
make all 
make: Nothing to be done for `all'.
22:47:05 **** Auto Build of configuration Debug for project HeapSort ****
make all 
'Building file: ../src/helloworld.c'
'Invoking: ARM gcc compiler'
arm-xilinx-eabi-gcc -Wall -O0 -g3 -c -fmessage-length=0 -I../../HeapSort_bsp/ps7_cortexa9_0/include -MMD -MP -MF"src/helloworld.d" -MT"src/helloworld.d" -o "src/helloworld.o" "../src/helloworld.c"
../src/helloworld.c: In function 'MoveArray':
../src/helloworld.c:58:9: warning: variable 'array2' set but not used [-Wunused-but-set-variable]
  int i, array2[size];
         ^
../src/helloworld.c: In function 'maxHeapify':
../src/helloworld.c:89:6: warning: unused variable 'i' [-Wunused-variable]
  int i;
      ^
../src/helloworld.c: In function 'main':
../src/helloworld.c:173:3: warning: passing argument 1 of 'heapSort' from incompatible pointer type [enabled by default]
   heapSort(arr, size);
   ^
../src/helloworld.c:128:6: note: expected 'int *' but argument is of type 'u32 *'
 void heapSort(int* array, int size)
      ^
../src/helloworld.c:319:5: warning: format '%d' expects argument of type 'int', but argument 3 has type 'u32' [-Wformat=]
     printf("Number of clock cycles in hardware calculation spent for %d bits is %d \n", size*NUM_BLOCK*8, Xil_In32(XPAR_HEAPSORTIP_0_S_AXI_BASEADDR+3*4));
     ^
../src/helloworld.c:319:5: warning: format '%d' expects argument of type 'int', but argument 3 has type 'u32' [-Wformat=]
../src/helloworld.c:320:5: warning: format '%d' expects argument of type 'int', but argument 2 has type 'long unsigned int' [-Wformat=]
     printf("Throughput of the hardware calculation is %d Mbps\n", size*NUM_BLOCK*8*50/Xil_In32(XPAR_HEAPSORTIP_0_S_AXI_BASEADDR+3*4));
     ^
../src/helloworld.c:320:5: warning: format '%d' expects argument of type 'int', but argument 2 has type 'long unsigned int' [-Wformat=]
'Finished building: ../src/helloworld.c'
' '
'Building target: HeapSort.elf'
'Invoking: ARM gcc linker'
arm-xilinx-eabi-gcc -Wl,-T -Wl,../src/lscript.ld -L../../HeapSort_bsp/ps7_cortexa9_0/lib -o "HeapSort.elf"  ./src/helloworld.o ./src/platform.o   -Wl,--start-group,-lxil,-lgcc,-lc,--end-group
'Finished building target: HeapSort.elf'
' '
'Invoking: ARM Print Size'
arm-xilinx-eabi-size HeapSort.elf  |tee "HeapSort.elf.size"
   text	   data	    bss	    dec	    hex	filename
  65144	   2264	  29852	  97260	  17bec	HeapSort.elf
'Finished building: HeapSort.elf.size'
' '
22:47:07 **** Incremental Build of configuration Debug for project HeapSort ****
make all 
make: Nothing to be done for `all'.
22:47:23 **** Auto Build of configuration Debug for project HeapSort ****
make all 
'Building file: ../src/helloworld.c'
'Invoking: ARM gcc compiler'
arm-xilinx-eabi-gcc -Wall -O0 -g3 -c -fmessage-length=0 -I../../HeapSort_bsp/ps7_cortexa9_0/include -MMD -MP -MF"src/helloworld.d" -MT"src/helloworld.d" -o "src/helloworld.o" "../src/helloworld.c"
../src/helloworld.c: In function 'MoveArray':
../src/helloworld.c:58:9: warning: variable 'array2' set but not used [-Wunused-but-set-variable]
  int i, array2[size];
         ^
../src/helloworld.c: In function 'maxHeapify':
../src/helloworld.c:89:6: warning: unused variable 'i' [-Wunused-variable]
  int i;
      ^
../src/helloworld.c: In function 'main':
../src/helloworld.c:173:3: warning: passing argument 1 of 'heapSort' from incompatible pointer type [enabled by default]
   heapSort(arr, size);
   ^
../src/helloworld.c:128:6: note: expected 'int *' but argument is of type 'u32 *'
 void heapSort(int* array, int size)
      ^
../src/helloworld.c:319:5: warning: format '%d' expects argument of type 'int', but argument 3 has type 'u32' [-Wformat=]
     printf("Number of clock cycles in hardware calculation spent for %d bits is %d \n", size*NUM_BLOCK*8, Xil_In32(XPAR_HEAPSORTIP_0_S_AXI_BASEADDR+3*4));
     ^
../src/helloworld.c:319:5: warning: format '%d' expects argument of type 'int', but argument 3 has type 'u32' [-Wformat=]
../src/helloworld.c:320:5: warning: format '%d' expects argument of type 'int', but argument 2 has type 'long unsigned int' [-Wformat=]
     printf("Throughput of the hardware calculation is %d Mbps\n", size*NUM_BLOCK*8*50/Xil_In32(XPAR_HEAPSORTIP_0_S_AXI_BASEADDR+3*4));
     ^
../src/helloworld.c:320:5: warning: format '%d' expects argument of type 'int', but argument 2 has type 'long unsigned int' [-Wformat=]
'Finished building: ../src/helloworld.c'
' '
'Building target: HeapSort.elf'
'Invoking: ARM gcc linker'
arm-xilinx-eabi-gcc -Wl,-T -Wl,../src/lscript.ld -L../../HeapSort_bsp/ps7_cortexa9_0/lib -o "HeapSort.elf"  ./src/helloworld.o ./src/platform.o   -Wl,--start-group,-lxil,-lgcc,-lc,--end-group
'Finished building target: HeapSort.elf'
' '
'Invoking: ARM Print Size'
arm-xilinx-eabi-size HeapSort.elf  |tee "HeapSort.elf.size"
   text	   data	    bss	    dec	    hex	filename
  65144	   2264	  29852	  97260	  17bec	HeapSort.elf
'Finished building: HeapSort.elf.size'
' '
22:47:25 **** Incremental Build of configuration Debug for project HeapSort ****
make all 
make: Nothing to be done for `all'.
22:48:08 **** Auto Build of configuration Debug for project HeapSort ****
make all 
'Building file: ../src/helloworld.c'
'Invoking: ARM gcc compiler'
arm-xilinx-eabi-gcc -Wall -O0 -g3 -c -fmessage-length=0 -I../../HeapSort_bsp/ps7_cortexa9_0/include -MMD -MP -MF"src/helloworld.d" -MT"src/helloworld.d" -o "src/helloworld.o" "../src/helloworld.c"
../src/helloworld.c: In function 'MoveArray':
../src/helloworld.c:58:9: warning: variable 'array2' set but not used [-Wunused-but-set-variable]
  int i, array2[size];
         ^
../src/helloworld.c: In function 'maxHeapify':
../src/helloworld.c:89:6: warning: unused variable 'i' [-Wunused-variable]
  int i;
      ^
../src/helloworld.c: In function 'main':
../src/helloworld.c:173:3: warning: passing argument 1 of 'heapSort' from incompatible pointer type [enabled by default]
   heapSort(arr, size);
   ^
../src/helloworld.c:128:6: note: expected 'int *' but argument is of type 'u32 *'
 void heapSort(int* array, int size)
      ^
../src/helloworld.c:319:5: warning: format '%d' expects argument of type 'int', but argument 3 has type 'u32' [-Wformat=]
     printf("Number of clock cycles in hardware calculation spent for %d bits is %d \n", size*NUM_BLOCK*8, Xil_In32(XPAR_HEAPSORTIP_0_S_AXI_BASEADDR+3*4));
     ^
../src/helloworld.c:319:5: warning: format '%d' expects argument of type 'int', but argument 3 has type 'u32' [-Wformat=]
../src/helloworld.c:320:5: warning: format '%d' expects argument of type 'int', but argument 2 has type 'long unsigned int' [-Wformat=]
     printf("Throughput of the hardware calculation is %d Mbps\n", size*NUM_BLOCK*8*50/Xil_In32(XPAR_HEAPSORTIP_0_S_AXI_BASEADDR+3*4));
     ^
../src/helloworld.c:320:5: warning: format '%d' expects argument of type 'int', but argument 2 has type 'long unsigned int' [-Wformat=]
'Finished building: ../src/helloworld.c'
' '
'Building target: HeapSort.elf'
'Invoking: ARM gcc linker'
arm-xilinx-eabi-gcc -Wl,-T -Wl,../src/lscript.ld -L../../HeapSort_bsp/ps7_cortexa9_0/lib -o "HeapSort.elf"  ./src/helloworld.o ./src/platform.o   -Wl,--start-group,-lxil,-lgcc,-lc,--end-group
'Finished building target: HeapSort.elf'
' '
'Invoking: ARM Print Size'
arm-xilinx-eabi-size HeapSort.elf  |tee "HeapSort.elf.size"
   text	   data	    bss	    dec	    hex	filename
  65144	   2264	  29852	  97260	  17bec	HeapSort.elf
'Finished building: HeapSort.elf.size'
' '
22:48:10 **** Incremental Build of configuration Debug for project HeapSort ****
make all 
make: Nothing to be done for `all'.
